Archive member included to satisfy reference by file (symbol)

../FreeRTOS/libfreertos.a(tasks.c.obj)
                              CMakeFiles/Thermostat.dir/main.c.obj (xTaskCreate)
../FreeRTOS/libfreertos.a(timers.c.obj)
                              ../FreeRTOS/libfreertos.a(tasks.c.obj) (xTimerCreateTimerTask)
../FreeRTOS/libfreertos.a(heap_3.c.obj)
                              ../FreeRTOS/libfreertos.a(tasks.c.obj) (pvPortMalloc)
../FreeRTOS/libfreertos.a(port.c.obj)
                              ../FreeRTOS/libfreertos.a(tasks.c.obj) (pxPortInitialiseStack)
../FreeRTOS/libfreertos.a(list.c.obj)
                              ../FreeRTOS/libfreertos.a(tasks.c.obj) (vListInitialise)
../FreeRTOS/libfreertos.a(queue.c.obj)
                              ../FreeRTOS/libfreertos.a(timers.c.obj) (xQueueGenericCreate)
/usr/lib/gcc/arm-none-eabi/10.3.1/thumb/v6-m/nofp/libgcc.a(_dvmd_tls.o)
                              CMakeFiles/Thermostat.dir/home/austin/pico/pico-sdk/src/rp2_common/pico_divider/divider.S.obj (__aeabi_idiv0)
/usr/lib/gcc/arm-none-eabi/10.3.1/../../../arm-none-eabi/lib/thumb/v6-m/nofp/libc.a(lib_a-atexit.o)
                              /usr/lib/gcc/arm-none-eabi/10.3.1/../../../arm-none-eabi/lib/thumb/v6-m/nofp/crt0.o (atexit)
/usr/lib/gcc/arm-none-eabi/10.3.1/../../../arm-none-eabi/lib/thumb/v6-m/nofp/libc.a(lib_a-calloc.o)
                              CMakeFiles/Thermostat.dir/home/austin/pico/pico-sdk/src/rp2_common/pico_malloc/pico_malloc.c.obj (calloc)
/usr/lib/gcc/arm-none-eabi/10.3.1/../../../arm-none-eabi/lib/thumb/v6-m/nofp/libc.a(lib_a-callocr.o)
                              /usr/lib/gcc/arm-none-eabi/10.3.1/../../../arm-none-eabi/lib/thumb/v6-m/nofp/libc.a(lib_a-calloc.o) (_calloc_r)
/usr/lib/gcc/arm-none-eabi/10.3.1/../../../arm-none-eabi/lib/thumb/v6-m/nofp/libc.a(lib_a-fini.o)
                              /usr/lib/gcc/arm-none-eabi/10.3.1/../../../arm-none-eabi/lib/thumb/v6-m/nofp/crt0.o (__libc_fini_array)
/usr/lib/gcc/arm-none-eabi/10.3.1/../../../arm-none-eabi/lib/thumb/v6-m/nofp/libc.a(lib_a-impure.o)
                              /usr/lib/gcc/arm-none-eabi/10.3.1/../../../arm-none-eabi/lib/thumb/v6-m/nofp/libc.a(lib_a-calloc.o) (_impure_ptr)
/usr/lib/gcc/arm-none-eabi/10.3.1/../../../arm-none-eabi/lib/thumb/v6-m/nofp/libc.a(lib_a-init.o)
                              /usr/lib/gcc/arm-none-eabi/10.3.1/../../../arm-none-eabi/lib/thumb/v6-m/nofp/crt0.o (__libc_init_array)
/usr/lib/gcc/arm-none-eabi/10.3.1/../../../arm-none-eabi/lib/thumb/v6-m/nofp/libc.a(lib_a-malloc.o)
                              CMakeFiles/Thermostat.dir/home/austin/pico/pico-sdk/src/rp2_common/pico_malloc/pico_malloc.c.obj (malloc)
/usr/lib/gcc/arm-none-eabi/10.3.1/../../../arm-none-eabi/lib/thumb/v6-m/nofp/libc.a(lib_a-mallocr.o)
                              /usr/lib/gcc/arm-none-eabi/10.3.1/../../../arm-none-eabi/lib/thumb/v6-m/nofp/libc.a(lib_a-callocr.o) (_malloc_r)
/usr/lib/gcc/arm-none-eabi/10.3.1/../../../arm-none-eabi/lib/thumb/v6-m/nofp/libc.a(lib_a-mlock.o)
                              /usr/lib/gcc/arm-none-eabi/10.3.1/../../../arm-none-eabi/lib/thumb/v6-m/nofp/libc.a(lib_a-mallocr.o) (__malloc_lock)
/usr/lib/gcc/arm-none-eabi/10.3.1/../../../arm-none-eabi/lib/thumb/v6-m/nofp/libc.a(lib_a-realloc.o)
                              CMakeFiles/Thermostat.dir/home/austin/pico/pico-sdk/src/rp2_common/pico_malloc/pico_malloc.c.obj (realloc)
/usr/lib/gcc/arm-none-eabi/10.3.1/../../../arm-none-eabi/lib/thumb/v6-m/nofp/libc.a(lib_a-reallocr.o)
                              /usr/lib/gcc/arm-none-eabi/10.3.1/../../../arm-none-eabi/lib/thumb/v6-m/nofp/libc.a(lib_a-realloc.o) (_realloc_r)
/usr/lib/gcc/arm-none-eabi/10.3.1/../../../arm-none-eabi/lib/thumb/v6-m/nofp/libc.a(lib_a-sbrkr.o)
                              /usr/lib/gcc/arm-none-eabi/10.3.1/../../../arm-none-eabi/lib/thumb/v6-m/nofp/libc.a(lib_a-mallocr.o) (_sbrk_r)
/usr/lib/gcc/arm-none-eabi/10.3.1/../../../arm-none-eabi/lib/thumb/v6-m/nofp/libc.a(lib_a-strlen-stub.o)
                              CMakeFiles/Thermostat.dir/home/austin/pico/pico-sdk/src/rp2_common/pico_stdio/stdio.c.obj (strlen)
/usr/lib/gcc/arm-none-eabi/10.3.1/../../../arm-none-eabi/lib/thumb/v6-m/nofp/libc.a(lib_a-__atexit.o)
                              /usr/lib/gcc/arm-none-eabi/10.3.1/../../../arm-none-eabi/lib/thumb/v6-m/nofp/libc.a(lib_a-atexit.o) (__register_exitproc)
/usr/lib/gcc/arm-none-eabi/10.3.1/../../../arm-none-eabi/lib/thumb/v6-m/nofp/libc.a(lib_a-freer.o)
                              /usr/lib/gcc/arm-none-eabi/10.3.1/../../../arm-none-eabi/lib/thumb/v6-m/nofp/libc.a(lib_a-malloc.o) (_free_r)
/usr/lib/gcc/arm-none-eabi/10.3.1/../../../arm-none-eabi/lib/thumb/v6-m/nofp/libc.a(lib_a-memmove.o)
                              /usr/lib/gcc/arm-none-eabi/10.3.1/../../../arm-none-eabi/lib/thumb/v6-m/nofp/libc.a(lib_a-reallocr.o) (memmove)
/usr/lib/gcc/arm-none-eabi/10.3.1/../../../arm-none-eabi/lib/thumb/v6-m/nofp/libc.a(lib_a-reent.o)
[...]
Memory Configuration

Name             Origin             Length             Attributes
FLASH            0x0000000010000000 0x0000000000200000 xr
RAM              0x0000000020000000 0x0000000000040000 xrw
SCRATCH_X        0x0000000020040000 0x0000000000001000 xrw
SCRATCH_Y        0x0000000020041000 0x0000000000001000 xrw
*default*        0x0000000000000000 0xffffffffffffffff

Linker script and memory map

LOAD /usr/lib/gcc/arm-none-eabi/10.3.1/thumb/v6-m/nofp/crti.o
LOAD /usr/lib/gcc/arm-none-eabi/10.3.1/thumb/v6-m/nofp/crtbegin.o
LOAD /usr/lib/gcc/arm-none-eabi/10.3.1/../../../arm-none-eabi/lib/thumb/v6-m/nofp/crt0.o

.flash_begin    0x0000000010000000        0x0
                0x0000000010000000                __flash_binary_start = .

.boot2          0x0000000010000000      0x100
                0x0000000010000000                __boot2_start__ = .
 *(.boot2)
 .boot2         0x0000000010000000      0x100 /tmp/ccxb64c5.o
                0x0000000010000100                __boot2_end__ = .
                0x0000000000000001                ASSERT (((__boot2_end__ - __boot2_start__) == 0x100), ERROR: Pico second stage bootloader must be 256 bytes in size)

.text           0x0000000010000100     0xb2b8
                0x0000000010000100                __logical_binary_start = .
 *(.vectors)
 .vectors       0x0000000010000100       0xd4 CMakeFiles/Thermostat.dir/home/austin/pico/pico-sdk/src/rp2_common/pico_standard_link/crt0.S.obj
                0x0000000010000100                __vectors
                0x0000000010000100                __VECTOR_TABLE
                0x00000000100001c0                isr_invalid
                0x00000000100001c0                __default_isrs_start
                0x00000000100001c2                isr_nmi
                0x00000000100001c4                isr_hardfault
                0x00000000100001cc                isr_irq30
                0x00000000100001cc                __unhandled_user_irq
                0x00000000100001cc                isr_irq13
                0x00000000100001cc                isr_irq27
                0x00000000100001cc                isr_irq31
                0x00000000100001cc                isr_irq5
                0x00000000100001cc                isr_irq11
                0x00000000100001cc                isr_irq23
                0x00000000100001cc                isr_irq18
                0x00000000100001cc                isr_irq28
                0x00000000100001cc                isr_irq19
                0x00000000100001cc                isr_irq0
                0x00000000100001cc                isr_irq6
                0x00000000100001cc                isr_irq22
                0x00000000100001cc                isr_irq17
                0x00000000100001cc                isr_irq14
                0x00000000100001cc                isr_irq2
                0x00000000100001cc                isr_irq10
                0x00000000100001cc                isr_irq8
                0x00000000100001cc                isr_irq24
                0x00000000100001cc                isr_irq1
                0x00000000100001cc                isr_irq7
                0x00000000100001cc                isr_irq21
                0x00000000100001cc                isr_irq20
                0x00000000100001cc                isr_irq15
                0x00000000100001cc                isr_irq25
                0x00000000100001cc                isr_irq4
                0x00000000100001cc                isr_irq16
                0x00000000100001cc                isr_irq29
                0x00000000100001cc                isr_irq26
                0x00000000100001cc                __default_isrs_end
                0x00000000100001cc                isr_irq3
                0x00000000100001cc                isr_irq12
                0x00000000100001cc                isr_irq9
                0x00000000100001d2                unhandled_user_irq_num_in_r0
 *(.binary_info_header)
 .binary_info_header
                0x00000000100001d4       0x14 CMakeFiles/Thermostat.dir/home/austin/pico/pico-sdk/src/rp2_common/pico_standard_link/crt0.S.obj
                0x00000000100001e8                __binary_info_header_end = .
 *(.reset)
 .reset         0x00000000100001e8       0xa8 CMakeFiles/Thermostat.dir/home/austin/pico/pico-sdk/src/rp2_common/pico_standard_link/crt0.S.obj
                0x00000000100001e8                _entry_point
                0x0000000010000266                __get_current_exception
 .reset         0x0000000010000290       0x30 CMakeFiles/Thermostat.dir/home/austin/pico/pico-sdk/src/rp2_common/pico_standard_link/binary_info.c.obj
 *(.init)
 .init          0x00000000100002c0        0x4 /usr/lib/gcc/arm-none-eabi/10.3.1/thumb/v6-m/nofp/crti.o
                0x00000000100002c0                _init
 *(EXCLUDE_FILE(*libm.a: *libc.a:*lib_a-mem*.o *libgcc.a:) .text*)
 .text          0x00000000100002c4       0x98 /usr/lib/gcc/arm-none-eabi/10.3.1/thumb/v6-m/nofp/crtbegin.o
 .text.led_task
                0x000000001000035c       0x58 CMakeFiles/Thermostat.dir/main.c.obj
                0x000000001000035c                led_task
 .text.manage_sensor
                0x00000000100003b4       0xac CMakeFiles/Thermostat.dir/main.c.obj
                0x00000000100003b4                manage_sensor
 .text.manage_relay
                0x0000000010000460       0xa0 CMakeFiles/Thermostat.dir/main.c.obj
                0x0000000010000460                manage_relay
 .text.system_initialize
                0x0000000010000500       0x70 CMakeFiles/Thermostat.dir/main.c.obj
                0x0000000010000500                system_initialize
 .text.screen_timeout_callback
                0x0000000010000570       0x40 CMakeFiles/Thermostat.dir/main.c.obj
                0x0000000010000570                screen_timeout_callback
 .text.get_inputs
                0x00000000100005b0      0x184 CMakeFiles/Thermostat.dir/main.c.obj
                0x00000000100005b0                get_inputs
 .text.startup.main
                0x0000000010000734       0xb8 CMakeFiles/Thermostat.dir/main.c.obj
                0x0000000010000734                main
 .text.seven_seg_begin
                0x00000000100007ec       0x50 CMakeFiles/Thermostat.dir/seven_seg.c.obj
                0x00000000100007ec                seven_seg_begin
 .text.seven_seg_display_off
                0x000000001000083c       0x28 CMakeFiles/Thermostat.dir/seven_seg.c.obj
                0x000000001000083c                seven_seg_display_off
 .text.seven_seg_display_temp
                0x0000000010000864       0xac CMakeFiles/Thermostat.dir/seven_seg.c.obj
                0x0000000010000864                seven_seg_display_temp
 .text.seven_seg_display_humidity
                0x0000000010000910       0x80 CMakeFiles/Thermostat.dir/seven_seg.c.obj
                0x0000000010000910                seven_seg_display_humidity
 .text.i2c_module_initialize
                0x0000000010000990       0x38 CMakeFiles/Thermostat.dir/i2c_module.c.obj
                0x0000000010000990                i2c_module_initialize
 .text.i2c_module_send
                0x00000000100009c8       0x20 CMakeFiles/Thermostat.dir/i2c_module.c.obj
                0x00000000100009c8                i2c_module_send
 .text.i2c_module_read
                0x00000000100009e8       0x1c CMakeFiles/Thermostat.dir/i2c_module.c.obj
                0x00000000100009e8                i2c_module_read
 .text.aht20_initialize
                0x0000000010000a04       0x2c CMakeFiles/Thermostat.dir/aht20.c.obj
                0x0000000010000a04                aht20_initialize
 .text.aht20_start_measurement
                0x0000000010000a30       0x30 CMakeFiles/Thermostat.dir/aht20.c.obj
                0x0000000010000a30                aht20_start_measurement
 .text.aht20_read_measurement
                0x0000000010000a60       0xdc CMakeFiles/Thermostat.dir/aht20.c.obj
                0x0000000010000a60                aht20_read_measurement
 .text.aht20_get_temp
                0x0000000010000b3c        0xc CMakeFiles/Thermostat.dir/aht20.c.obj
                0x0000000010000b3c                aht20_get_temp
 .text.aht20_get_humidity
                0x0000000010000b48        0xc CMakeFiles/Thermostat.dir/aht20.c.obj
                0x0000000010000b48                aht20_get_humidity
 .text.gpio_set_function
                0x0000000010000b54       0x30 CMakeFiles/Thermostat.dir/home/austin/pico/pico-sdk/src/rp2_common/hardware_gpio/gpio.c.obj
                0x0000000010000b54                gpio_set_function
 .text.gpio_set_pulls
                0x0000000010000b84       0x30 CMakeFiles/Thermostat.dir/home/austin/pico/pico-sdk/src/rp2_common/hardware_gpio/gpio.c.obj
                0x0000000010000b84                gpio_set_pulls
 .text.gpio_init
                0x0000000010000bb4       0x3c CMakeFiles/Thermostat.dir/home/austin/pico/pico-sdk/src/rp2_common/hardware_gpio/gpio.c.obj
                0x0000000010000bb4                gpio_init
 .text.hw_claim_or_assert
                0x0000000010000bf0       0x44 CMakeFiles/Thermostat.dir/home/austin/pico/pico-sdk/src/rp2_common/hardware_claim/claim.c.obj
                0x0000000010000bf0                hw_claim_or_assert
 .text.hw_claim_unused_from_range
                0x0000000010000c34       0x9c CMakeFiles/Thermostat.dir/home/austin/pico/pico-sdk/src/rp2_common/hardware_claim/claim.c.obj
                0x0000000010000c34                hw_claim_unused_from_range
 .text.running_on_fpga
                0x0000000010000cd0       0x10 CMakeFiles/Thermostat.dir/home/austin/pico/pico-sdk/src/rp2_common/pico_platform/platform.c.obj
                0x0000000010000cd0                running_on_fpga
 .text.spin_locks_reset
                0x0000000010000ce0       0x1c CMakeFiles/Thermostat.dir/home/austin/pico/pico-sdk/src/rp2_common/hardware_sync/sync.c.obj
                0x0000000010000ce0                spin_locks_reset
 .text.next_striped_spin_lock_num
                0x0000000010000cfc       0x18 CMakeFiles/Thermostat.dir/home/austin/pico/pico-sdk/src/rp2_common/hardware_sync/sync.c.obj
                0x0000000010000cfc                next_striped_spin_lock_num
 .text.spin_lock_claim_unused
                0x0000000010000d14       0x20 CMakeFiles/Thermostat.dir/home/austin/pico/pico-sdk/src/rp2_common/hardware_sync/sync.c.obj
                0x0000000010000d14                spin_lock_claim_unused
 .text.irq_set_enabled
                0x0000000010000d34       0x24 CMakeFiles/Thermostat.dir/home/austin/pico/pico-sdk/src/rp2_common/hardware_irq/irq.c.obj
                0x0000000010000d34                irq_set_enabled
 .text.irq_set_pending
                0x0000000010000d58       0x10 CMakeFiles/Thermostat.dir/home/austin/pico/pico-sdk/src/rp2_common/hardware_irq/irq.c.obj
                0x0000000010000d58                irq_set_pending
 .text.irq_has_shared_handler
                0x0000000010000d68       0x2c CMakeFiles/Thermostat.dir/home/austin/pico/pico-sdk/src/rp2_common/hardware_irq/irq.c.obj
                0x0000000010000d68                irq_has_shared_handler
 .text.irq_get_vtable_handler
                0x0000000010000d94       0x10 CMakeFiles/Thermostat.dir/home/austin/pico/pico-sdk/src/rp2_common/hardware_irq/irq.c.obj
                0x0000000010000d94                irq_get_vtable_handler
 .text.irq_set_exclusive_handler
                0x0000000010000da4       0x54 CMakeFiles/Thermostat.dir/home/austin/pico/pico-sdk/src/rp2_common/hardware_irq/irq.c.obj
                0x0000000010000da4                irq_set_exclusive_handler
 .text.irq_add_shared_handler
                0x0000000010000df8      0x1e4 CMakeFiles/Thermostat.dir/home/austin/pico/pico-sdk/src/rp2_common/hardware_irq/irq.c.obj
                0x0000000010000df8                irq_add_shared_handler
 .text.irq_remove_handler
                0x0000000010000fdc      0x1b4 CMakeFiles/Thermostat.dir/home/austin/pico/pico-sdk/src/rp2_common/hardware_irq/irq.c.obj
                0x0000000010000fdc                irq_remove_handler
 .text.irq_add_tail_to_free_list
                0x0000000010001190       0xb4 CMakeFiles/Thermostat.dir/home/austin/pico/pico-sdk/src/rp2_common/hardware_irq/irq.c.obj
                0x0000000010001190                irq_add_tail_to_free_list
 .text.irq_init_priorities
                0x0000000010001244       0x24 CMakeFiles/Thermostat.dir/home/austin/pico/pico-sdk/src/rp2_common/hardware_irq/irq.c.obj
                0x0000000010001244                irq_init_priorities
 .text.user_irq_claim_unused
                0x0000000010001268       0x30 CMakeFiles/Thermostat.dir/home/austin/pico/pico-sdk/src/rp2_common/hardware_irq/irq.c.obj
                0x0000000010001268                user_irq_claim_unused
 .text.lock_init
                0x0000000010001298       0x10 CMakeFiles/Thermostat.dir/home/austin/pico/pico-sdk/src/common/pico_sync/lock_core.c.obj
                0x0000000010001298                lock_init
 .text.timer_pool_entry_comparator
                0x00000000100012a8       0x34 CMakeFiles/Thermostat.dir/home/austin/pico/pico-sdk/src/common/pico_time/time.c.obj
                0x00000000100012a8                timer_pool_entry_comparator
 .text.sleep_until_callback
                0x00000000100012dc       0x30 CMakeFiles/Thermostat.dir/home/austin/pico/pico-sdk/src/common/pico_time/time.c.obj
 .text.add_alarm_under_lock.isra.0
                0x000000001000130c      0x100 CMakeFiles/Thermostat.dir/home/austin/pico/pico-sdk/src/common/pico_time/time.c.obj
 .text.alarm_pool_alarm_callback
                0x000000001000140c      0x1c8 CMakeFiles/Thermostat.dir/home/austin/pico/pico-sdk/src/common/pico_time/time.c.obj
 .text.alarm_pool_add_alarm_at.constprop.0
                0x00000000100015d4      0x11c CMakeFiles/Thermostat.dir/home/austin/pico/pico-sdk/src/common/pico_time/time.c.obj
 .text.alarm_pool_init_default
                0x00000000100016f0       0x64 CMakeFiles/Thermostat.dir/home/austin/pico/pico-sdk/src/common/pico_time/time.c.obj
                0x00000000100016f0                alarm_pool_init_default
 .text.alarm_pool_get_default
                0x0000000010001754        0x8 CMakeFiles/Thermostat.dir/home/austin/pico/pico-sdk/src/common/pico_time/time.c.obj
                0x0000000010001754                alarm_pool_get_default
 .text.alarm_pool_add_alarm_at
                0x000000001000175c      0x194 CMakeFiles/Thermostat.dir/home/austin/pico/pico-sdk/src/common/pico_time/time.c.obj
                0x000000001000175c                alarm_pool_add_alarm_at
 .text.best_effort_wfe_or_timeout
                0x00000000100018f0       0xd4 CMakeFiles/Thermostat.dir/home/austin/pico/pico-sdk/src/common/pico_time/time.c.obj
                0x00000000100018f0                best_effort_wfe_or_timeout
 .text.hardware_alarm_irq_handler
                0x00000000100019c4       0xb8 CMakeFiles/Thermostat.dir/home/austin/pico/pico-sdk/src/rp2_common/hardware_timer/timer.c.obj
 .text.hardware_alarm_claim
                0x0000000010001a7c       0x18 CMakeFiles/Thermostat.dir/home/austin/pico/pico-sdk/src/rp2_common/hardware_timer/timer.c.obj
                0x0000000010001a7c                hardware_alarm_claim
 .text.time_us_64
                0x0000000010001a94       0x14 CMakeFiles/Thermostat.dir/home/austin/pico/pico-sdk/src/rp2_common/hardware_timer/timer.c.obj
                0x0000000010001a94                time_us_64
 .text.hardware_alarm_set_callback
                0x0000000010001aa8       0x8c CMakeFiles/Thermostat.dir/home/austin/pico/pico-sdk/src/rp2_common/hardware_timer/timer.c.obj
                0x0000000010001aa8                hardware_alarm_set_callback
 .text.hardware_alarm_set_target
                0x0000000010001b34       0xe0 CMakeFiles/Thermostat.dir/home/austin/pico/pico-sdk/src/rp2_common/hardware_timer/timer.c.obj
                0x0000000010001b34                hardware_alarm_set_target
 .text.hardware_alarm_cancel
                0x0000000010001c14       0x3c CMakeFiles/Thermostat.dir/home/austin/pico/pico-sdk/src/rp2_common/hardware_timer/timer.c.obj
                0x0000000010001c14                hardware_alarm_cancel
 .text.ph_merge_nodes
                0x0000000010001c50       0x68 CMakeFiles/Thermostat.dir/home/austin/pico/pico-sdk/src/common/pico_util/pheap.c.obj
 .text.ph_post_alloc_init
                0x0000000010001cb8       0x3c CMakeFiles/Thermostat.dir/home/austin/pico/pico-sdk/src/common/pico_util/pheap.c.obj
                0x0000000010001cb8                ph_post_alloc_init
 .text.ph_merge_two_pass
                0x0000000010001cf4       0x90 CMakeFiles/Thermostat.dir/home/austin/pico/pico-sdk/src/common/pico_util/pheap.c.obj
                0x0000000010001cf4                ph_merge_two_pass
 .text.ph_remove_any_head
                0x0000000010001d84       0xf8 CMakeFiles/Thermostat.dir/home/austin/pico/pico-sdk/src/common/pico_util/pheap.c.obj
 .text.ph_remove_head
                0x0000000010001e7c       0xfc CMakeFiles/Thermostat.dir/home/austin/pico/pico-sdk/src/common/pico_util/pheap.c.obj
                0x0000000010001e7c                ph_remove_head
 .text.ph_remove_and_free_node
                0x0000000010001f78       0x7c CMakeFiles/Thermostat.dir/home/austin/pico/pico-sdk/src/common/pico_util/pheap.c.obj
                0x0000000010001f78                ph_remove_and_free_node
 .text.mutex_init
                0x0000000010001ff4       0x1c CMakeFiles/Thermostat.dir/home/austin/pico/pico-sdk/src/common/pico_sync/mutex.c.obj
                0x0000000010001ff4                mutex_init
 .text.recursive_mutex_init
                0x0000000010002010       0x1c CMakeFiles/Thermostat.dir/home/austin/pico/pico-sdk/src/common/pico_sync/mutex.c.obj
                0x0000000010002010                recursive_mutex_init
 .text.critical_section_init
                0x000000001000202c       0x20 CMakeFiles/Thermostat.dir/home/austin/pico/pico-sdk/src/common/pico_sync/critical_section.c.obj
                0x000000001000202c                critical_section_init
 .text.runtime_init
                0x000000001000204c       0xf0 CMakeFiles/Thermostat.dir/home/austin/pico/pico-sdk/src/rp2_common/pico_runtime/runtime.c.obj
                0x000000001000204c                runtime_init
 .text._sbrk    0x000000001000213c       0x34 CMakeFiles/Thermostat.dir/home/austin/pico/pico-sdk/src/rp2_common/pico_runtime/runtime.c.obj
                0x000000001000213c                _sbrk
 .text.exit     0x0000000010002170        0x4 CMakeFiles/Thermostat.dir/home/austin/pico/pico-sdk/src/rp2_common/pico_runtime/runtime.c.obj
                0x0000000010002170                exit
 .text.panic    0x0000000010002174       0x30 CMakeFiles/Thermostat.dir/home/austin/pico/pico-sdk/src/rp2_common/pico_runtime/runtime.c.obj
                0x0000000010002174                panic
 .text.hard_assertion_failure
                0x00000000100021a4        0xc CMakeFiles/Thermostat.dir/home/austin/pico/pico-sdk/src/rp2_common/pico_runtime/runtime.c.obj
                0x00000000100021a4                hard_assertion_failure
 .text.clocks_init
                0x00000000100021b0      0x2bc CMakeFiles/Thermostat.dir/home/austin/pico/pico-sdk/src/rp2_common/hardware_clocks/clocks.c.obj
                0x00000000100021b0                clocks_init
 .text.clock_get_hz
                0x000000001000246c        0xc CMakeFiles/Thermostat.dir/home/austin/pico/pico-sdk/src/rp2_common/hardware_clocks/clocks.c.obj
                0x000000001000246c                clock_get_hz
 .text.pll_init
                0x0000000010002478       0xb0 CMakeFiles/Thermostat.dir/home/austin/pico/pico-sdk/src/rp2_common/hardware_pll/pll.c.obj
                0x0000000010002478                pll_init
 .text.watchdog_start_tick
                0x0000000010002528       0x10 CMakeFiles/Thermostat.dir/home/austin/pico/pico-sdk/src/rp2_common/hardware_watchdog/watchdog.c.obj
                0x0000000010002528                watchdog_start_tick
 .text.watchdog_reboot
                0x0000000010002538       0x98 CMakeFiles/Thermostat.dir/home/austin/pico/pico-sdk/src/rp2_common/hardware_watchdog/watchdog.c.obj
                0x0000000010002538                watchdog_reboot
 .text.xosc_init
                0x00000000100025d0       0x28 CMakeFiles/Thermostat.dir/home/austin/pico/pico-sdk/src/rp2_common/hardware_xosc/xosc.c.obj
                0x00000000100025d0                xosc_init
 .text._out_null
                0x00000000100025f8        0x4 CMakeFiles/Thermostat.dir/home/austin/pico/pico-sdk/src/rp2_common/pico_printf/printf.c.obj
 .text._out_rev
                0x00000000100025fc       0x9c CMakeFiles/Thermostat.dir/home/austin/pico/pico-sdk/src/rp2_common/pico_printf/printf.c.obj
 .text._ntoa_format
                0x0000000010002698      0x1cc CMakeFiles/Thermostat.dir/home/austin/pico/pico-sdk/src/rp2_common/pico_printf/printf.c.obj
 .text._out_char
                0x0000000010002864       0x10 CMakeFiles/Thermostat.dir/home/austin/pico/pico-sdk/src/rp2_common/pico_printf/printf.c.obj
 .text._out_fct
                0x0000000010002874       0x10 CMakeFiles/Thermostat.dir/home/austin/pico/pico-sdk/src/rp2_common/pico_printf/printf.c.obj
 .text._etoa    0x0000000010002884      0x44c CMakeFiles/Thermostat.dir/home/austin/pico/pico-sdk/src/rp2_common/pico_printf/printf.c.obj
 .text._ftoa    0x0000000010002cd0      0x398 CMakeFiles/Thermostat.dir/home/austin/pico/pico-sdk/src/rp2_common/pico_printf/printf.c.obj
 .text._vsnprintf
                0x0000000010003068      0xb04 CMakeFiles/Thermostat.dir/home/austin/pico/pico-sdk/src/rp2_common/pico_printf/printf.c.obj
 .text.vfctprintf
                0x0000000010003b6c       0x20 CMakeFiles/Thermostat.dir/home/austin/pico/pico-sdk/src/rp2_common/pico_printf/printf.c.obj
                0x0000000010003b6c                vfctprintf
 .text.weak_raw_vprintf
                0x0000000010003b8c       0x30 CMakeFiles/Thermostat.dir/home/austin/pico/pico-sdk/src/rp2_common/pico_printf/printf.c.obj
                0x0000000010003b8c                weak_raw_vprintf
 .text          0x0000000010003bbc       0x10 CMakeFiles/Thermostat.dir/home/austin/pico/pico-sdk/src/rp2_common/pico_bit_ops/bit_ops_aeabi.S.obj
 .text.rom_func_lookup
                0x0000000010003bcc       0x10 CMakeFiles/Thermostat.dir/home/austin/pico/pico-sdk/src/rp2_common/pico_bootrom/bootrom.c.obj
                0x0000000010003bcc                rom_func_lookup
 .text.rom_data_lookup
                0x0000000010003bdc       0x10 CMakeFiles/Thermostat.dir/home/austin/pico/pico-sdk/src/rp2_common/pico_bootrom/bootrom.c.obj
                0x0000000010003bdc                rom_data_lookup
 .text.rom_funcs_lookup
                0x0000000010003bec       0x44 CMakeFiles/Thermostat.dir/home/austin/pico/pico-sdk/src/rp2_common/pico_bootrom/bootrom.c.obj
                0x0000000010003bec                rom_funcs_lookup
 .text.__wrap___aeabi_idiv
                0x0000000010003c30       0x50 CMakeFiles/Thermostat.dir/home/austin/pico/pico-sdk/src/rp2_common/pico_divider/divider.S.obj
                0x0000000010003c30                __wrap___aeabi_idivmod
                0x0000000010003c30                divmod_s32s32
                0x0000000010003c30                div_s32s32
                0x0000000010003c30                __wrap___aeabi_idiv
                0x0000000010003c38                divmod_s32s32_unsafe
                0x0000000010003c64                divmod_s32s32_savestate
 .text.__wrap___aeabi_uidiv
                0x0000000010003c80       0x4c CMakeFiles/Thermostat.dir/home/austin/pico/pico-sdk/src/rp2_common/pico_divider/divider.S.obj
                0x0000000010003c80                __wrap___aeabi_uidiv
                0x0000000010003c80                __wrap___aeabi_uidivmod
                0x0000000010003c80                div_u32u32
                0x0000000010003c80                divmod_u32u32
                0x0000000010003c88                divmod_u32u32_unsafe
                0x0000000010003cb0                divmod_u32u32_savestate
 .text.__wrap___aeabi_ldiv
                0x0000000010003ccc      0x434 CMakeFiles/Thermostat.dir/home/austin/pico/pico-sdk/src/rp2_common/pico_divider/divider.S.obj
                0x0000000010003ccc                div_s64s64
                0x0000000010003ccc                divmod_s64s64
                0x0000000010003ccc                __wrap___aeabi_ldivmod
                0x0000000010003d04                div_u64u64
                0x0000000010003d04                divmod_u64u64
                0x0000000010003d04                __wrap___aeabi_uldivmod
                0x0000000010003d14                divmod_u64u64_savestate
                0x0000000010003d3c                divmod_s64s64_unsafe
                0x0000000010003dc4                divmod_u64u64_unsafe
 .text.__wrap___aeabi_darithmetic
                0x0000000010004100       0x80 CMakeFiles/Thermostat.dir/home/austin/pico/pico-sdk/src/rp2_common/pico_double/double_aeabi.S.obj
                0x0000000010004100                __wrap___aeabi_drsub
                0x0000000010004106                __wrap___aeabi_dsub
                0x0000000010004118                __wrap___aeabi_dadd
                0x000000001000412a                __wrap___aeabi_ddiv
                0x0000000010004166                __wrap___aeabi_dmul
 .text.__wrap___aeabi_cdcmple
                0x0000000010004180       0x6c CMakeFiles/Thermostat.dir/home/austin/pico/pico-sdk/src/rp2_common/pico_double/double_aeabi.S.obj
                0x0000000010004180                __wrap___aeabi_cdrcmple
                0x0000000010004190                __wrap___aeabi_cdcmple
                0x0000000010004190                __wrap___aeabi_cdcmpeq
 .text.__wrap___aeabi_dcmplt
                0x00000000100041ec        0xc CMakeFiles/Thermostat.dir/home/austin/pico/pico-sdk/src/rp2_common/pico_double/double_aeabi.S.obj
                0x00000000100041ec                __wrap___aeabi_dcmplt
 .text.__wrap___aeabi_dcmple
                0x00000000100041f8       0x10 CMakeFiles/Thermostat.dir/home/austin/pico/pico-sdk/src/rp2_common/pico_double/double_aeabi.S.obj
                0x00000000100041f8                __wrap___aeabi_dcmple
 .text.__wrap___aeabi_dcmpge
                0x0000000010004208       0x10 CMakeFiles/Thermostat.dir/home/austin/pico/pico-sdk/src/rp2_common/pico_double/double_aeabi.S.obj
                0x0000000010004208                __wrap___aeabi_dcmpge
 .text.__wrap___aeabi_dcmpgt
                0x0000000010004218        0xa CMakeFiles/Thermostat.dir/home/austin/pico/pico-sdk/src/rp2_common/pico_double/double_aeabi.S.obj
                0x0000000010004218                __wrap___aeabi_dcmpgt
 .text.__wrap___aeabi_dcmpun
                0x0000000010004222       0x1c CMakeFiles/Thermostat.dir/home/austin/pico/pico-sdk/src/rp2_common/pico_double/double_aeabi.S.obj
                0x0000000010004222                __wrap___aeabi_dcmpun
 *fill*         0x000000001000423e        0x2 
 .text.__wrap___aeabi_i2d
                0x0000000010004240       0x38 CMakeFiles/Thermostat.dir/home/austin/pico/pico-sdk/src/rp2_common/pico_double/double_aeabi.S.obj
                0x0000000010004240                __wrap___aeabi_ui2d
                0x0000000010004248                __wrap___aeabi_i2d
 .text.__wrap___aeabi_d2iz
                0x0000000010004278       0x48 CMakeFiles/Thermostat.dir/home/austin/pico/pico-sdk/src/rp2_common/pico_double/double_aeabi.S.obj
                0x0000000010004278                __wrap___aeabi_d2iz
                0x0000000010004278                double2int_z
 .text.__wrap___aeabi_d2uiz
                0x00000000100042c0       0x18 CMakeFiles/Thermostat.dir/home/austin/pico/pico-sdk/src/rp2_common/pico_double/double_aeabi.S.obj
                0x00000000100042c0                double2uint
                0x00000000100042c0                __wrap___aeabi_d2uiz
 .text.__wrap___aeabi_d2f
                0x00000000100042d8       0x18 CMakeFiles/Thermostat.dir/home/austin/pico/pico-sdk/src/rp2_common/pico_double/double_aeabi.S.obj
                0x00000000100042d8                __wrap___aeabi_d2f
 .text.__aeabi_double_init
                0x00000000100042f0       0x94 CMakeFiles/Thermostat.dir/home/austin/pico/pico-sdk/src/rp2_common/pico_double/double_init_rom.c.obj
                0x00000000100042f0                __aeabi_double_init
 .text.double_table_shim_on_use_helper
                0x0000000010004384       0x2c CMakeFiles/Thermostat.dir/home/austin/pico/pico-sdk/src/rp2_common/pico_double/double_v1_rom_shim.S.obj
                0x0000000010004384                double_table_shim_on_use_helper
 .text.__wrap___aeabi_dsub
                0x00000000100043b0       0x10 CMakeFiles/Thermostat.dir/home/austin/pico/pico-sdk/src/rp2_common/pico_double/double_v1_rom_shim.S.obj
                0x00000000100043b0                drsub_shim
                0x00000000100043b6                dsub_shim
 .text.dadd_shim
                0x00000000100043c0      0x15c CMakeFiles/Thermostat.dir/home/austin/pico/pico-sdk/src/rp2_common/pico_double/double_v1_rom_shim.S.obj
                0x00000000100043c0                dadd_shim
 .text.dmul_shim
                0x000000001000451c      0x15c CMakeFiles/Thermostat.dir/home/austin/pico/pico-sdk/src/rp2_common/pico_double/double_v1_rom_shim.S.obj
                0x000000001000451c                dmul_shim
 .text.ddiv_shim
                0x0000000010004678      0x1b0 CMakeFiles/Thermostat.dir/home/austin/pico/pico-sdk/src/rp2_common/pico_double/double_v1_rom_shim.S.obj
                0x0000000010004678                ddiv_shim
 .text.double2uint_shim
                0x0000000010004828        0xe CMakeFiles/Thermostat.dir/home/austin/pico/pico-sdk/src/rp2_common/pico_double/double_v1_rom_shim.S.obj
                0x0000000010004828                double2uint_shim
                0x000000001000482a                double2ufix_shim
 *fill*         0x0000000010004836        0x2 
 .text.double2uint64_shim
                0x0000000010004838       0x70 CMakeFiles/Thermostat.dir/home/austin/pico/pico-sdk/src/rp2_common/pico_double/double_v1_rom_shim.S.obj
                0x0000000010004838                double2uint64_shim
                0x000000001000483a                double2ufix64_shim
                0x000000001000485a                d2fix_a
 .text.double2float_shim
                0x00000000100048a8       0x5c CMakeFiles/Thermostat.dir/home/austin/pico/pico-sdk/src/rp2_common/pico_double/double_v1_rom_shim.S.obj
                0x00000000100048a8                double2float_shim
 .text.dunpacks
                0x0000000010004904       0x3c CMakeFiles/Thermostat.dir/home/austin/pico/pico-sdk/src/rp2_common/pico_double/double_v1_rom_shim.S.obj
                0x0000000010004904                dunpacks
 .text.__aeabi_lmul
                0x0000000010004940       0x32 CMakeFiles/Thermostat.dir/home/austin/pico/pico-sdk/src/rp2_common/pico_int64_ops/pico_int64_ops_aeabi.S.obj
                0x0000000010004940                __wrap___aeabi_lmul
 *fill*         0x0000000010004972        0x2 
 .text.__wrap___aeabi_farithmetic
                0x0000000010004974       0x48 CMakeFiles/Thermostat.dir/home/austin/pico/pico-sdk/src/rp2_common/pico_float/float_aeabi.S.obj
                0x0000000010004974                __wrap___aeabi_frsub
                0x000000001000497a                __wrap___aeabi_fsub
                0x0000000010004980                __wrap___aeabi_fadd
                0x0000000010004986                __wrap___aeabi_fdiv
                0x00000000100049ae                __wrap___aeabi_fmul
 .text.__wrap___aeabi_ui2f
                0x00000000100049bc        0xa CMakeFiles/Thermostat.dir/home/austin/pico/pico-sdk/src/rp2_common/pico_float/float_aeabi.S.obj
                0x00000000100049bc                __wrap___aeabi_ui2f
 *fill*         0x00000000100049c6        0x2 
 .text.__wrap___aeabi_i2f
                0x00000000100049c8       0x44 CMakeFiles/Thermostat.dir/home/austin/pico/pico-sdk/src/rp2_common/pico_float/float_aeabi.S.obj
                0x00000000100049c8                __wrap___aeabi_i2f
 .text.__wrap___aeabi_f2iz
                0x0000000010004a0c       0x4e CMakeFiles/Thermostat.dir/home/austin/pico/pico-sdk/src/rp2_common/pico_float/float_aeabi.S.obj
                0x0000000010004a0c                __wrap___aeabi_f2iz
                0x0000000010004a0c                float2int_z
 *fill*         0x0000000010004a5a        0x2 
 .text.float2int
                0x0000000010004a5c       0x14 CMakeFiles/Thermostat.dir/home/austin/pico/pico-sdk/src/rp2_common/pico_float/float_aeabi.S.obj
                0x0000000010004a5c                float2int
 .text.__wrap___aeabi_f2uiz
                0x0000000010004a70        0xc CMakeFiles/Thermostat.dir/home/austin/pico/pico-sdk/src/rp2_common/pico_float/float_aeabi.S.obj
                0x0000000010004a70                __wrap___aeabi_f2uiz
 .text.__wrap___aeabi_f2d
                0x0000000010004a7c       0x14 CMakeFiles/Thermostat.dir/home/austin/pico/pico-sdk/src/rp2_common/pico_float/float_aeabi.S.obj
                0x0000000010004a7c                __wrap___aeabi_f2d
 .text.__aeabi_float_init
                0x0000000010004a90       0x64 CMakeFiles/Thermostat.dir/home/austin/pico/pico-sdk/src/rp2_common/pico_float/float_init_rom.c.obj
                0x0000000010004a90                __aeabi_float_init
 .text.float_table_shim_on_use_helper
                0x0000000010004af4       0x2c CMakeFiles/Thermostat.dir/home/austin/pico/pico-sdk/src/rp2_common/pico_float/float_v1_rom_shim.S.obj
                0x0000000010004af4                float_table_shim_on_use_helper
 .text.float232_shims
                0x0000000010004b20       0x18 CMakeFiles/Thermostat.dir/home/austin/pico/pico-sdk/src/rp2_common/pico_float/float_v1_rom_shim.S.obj
                0x0000000010004b20                float2int_shim
                0x0000000010004b22                float2fix_shim
 .text.float2double_shim
                0x0000000010004b38       0x30 CMakeFiles/Thermostat.dir/home/austin/pico/pico-sdk/src/rp2_common/pico_float/float_v1_rom_shim.S.obj
                0x0000000010004b38                float2double_shim
 .text.__wrap_malloc
                0x0000000010004b68       0x24 CMakeFiles/Thermostat.dir/home/austin/pico/pico-sdk/src/rp2_common/pico_malloc/pico_malloc.c.obj
                0x0000000010004b68                __wrap_malloc
 .text.__wrap_free
                0x0000000010004b8c        0x8 CMakeFiles/Thermostat.dir/home/austin/pico/pico-sdk/src/rp2_common/pico_malloc/pico_malloc.c.obj
                0x0000000010004b8c                __wrap_free
 .text          0x0000000010004b94       0x10 CMakeFiles/Thermostat.dir/home/austin/pico/pico-sdk/src/rp2_common/pico_mem_ops/mem_ops_aeabi.S.obj
                0x0000000010004b94                __aeabi_mem_init
 .text.memset   0x0000000010004ba4        0xc CMakeFiles/Thermostat.dir/home/austin/pico/pico-sdk/src/rp2_common/pico_mem_ops/mem_ops_aeabi.S.obj
                0x0000000010004ba4                __wrap_memset
 .text.memcpy   0x0000000010004bb0        0xc CMakeFiles/Thermostat.dir/home/austin/pico/pico-sdk/src/rp2_common/pico_mem_ops/mem_ops_aeabi.S.obj
                0x0000000010004bb0                __wrap___aeabi_memcpy
                0x0000000010004bb0                __wrap_memcpy
 .text.stdio_out_chars_no_crlf
                0x0000000010004bbc       0x10 CMakeFiles/Thermostat.dir/home/austin/pico/pico-sdk/src/rp2_common/pico_stdio/stdio.c.obj
 .text.stdio_out_chars_crlf
                0x0000000010004bcc       0xb4 CMakeFiles/Thermostat.dir/home/austin/pico/pico-sdk/src/rp2_common/pico_stdio/stdio.c.obj
 .text.stdio_buffered_printer
                0x0000000010004c80       0x64 CMakeFiles/Thermostat.dir/home/austin/pico/pico-sdk/src/rp2_common/pico_stdio/stdio.c.obj
 .text.stdio_put_string.isra.0
                0x0000000010004ce4       0xfc CMakeFiles/Thermostat.dir/home/austin/pico/pico-sdk/src/rp2_common/pico_stdio/stdio.c.obj
 .text.__wrap_putchar
                0x0000000010004de0       0xa0 CMakeFiles/Thermostat.dir/home/austin/pico/pico-sdk/src/rp2_common/pico_stdio/stdio.c.obj
                0x0000000010004de0                __wrap_putchar
 .text.__wrap_puts
                0x0000000010004e80       0x3c CMakeFiles/Thermostat.dir/home/austin/pico/pico-sdk/src/rp2_common/pico_stdio/stdio.c.obj
                0x0000000010004e80                __wrap_puts
 .text.stdio_set_driver_enabled
                0x0000000010004ebc       0x30 CMakeFiles/Thermostat.dir/home/austin/pico/pico-sdk/src/rp2_common/pico_stdio/stdio.c.obj
                0x0000000010004ebc                stdio_set_driver_enabled
 .text.__wrap_vprintf
                0x0000000010004eec       0xd8 CMakeFiles/Thermostat.dir/home/austin/pico/pico-sdk/src/rp2_common/pico_stdio/stdio.c.obj
                0x0000000010004eec                __wrap_vprintf
 .text.__wrap_printf
                0x0000000010004fc4       0x18 CMakeFiles/Thermostat.dir/home/austin/pico/pico-sdk/src/rp2_common/pico_stdio/stdio.c.obj
                0x0000000010004fc4                __wrap_printf
 .text.stdio_init_all
                0x0000000010004fdc        0x8 CMakeFiles/Thermostat.dir/home/austin/pico/pico-sdk/src/rp2_common/pico_stdio/stdio.c.obj
                0x0000000010004fdc                stdio_init_all
 .text.resetd_init
                0x0000000010004fe4        0x4 CMakeFiles/Thermostat.dir/home/austin/pico/pico-sdk/src/rp2_common/pico_stdio_usb/reset_interface.c.obj
 .text.resetd_reset
                0x0000000010004fe8        0xc CMakeFiles/Thermostat.dir/home/austin/pico/pico-sdk/src/rp2_common/pico_stdio_usb/reset_interface.c.obj
 .text.resetd_open
                0x0000000010004ff4       0x28 CMakeFiles/Thermostat.dir/home/austin/pico/pico-sdk/src/rp2_common/pico_stdio_usb/reset_interface.c.obj
 .text.resetd_xfer_cb
                0x000000001000501c        0x4 CMakeFiles/Thermostat.dir/home/austin/pico/pico-sdk/src/rp2_common/pico_stdio_usb/reset_interface.c.obj
 .text.resetd_control_xfer_cb
                0x0000000010005020       0x64 CMakeFiles/Thermostat.dir/home/austin/pico/pico-sdk/src/rp2_common/pico_stdio_usb/reset_interface.c.obj
 .text.usbd_app_driver_get_cb
                0x0000000010005084        0xc CMakeFiles/Thermostat.dir/home/austin/pico/pico-sdk/src/rp2_common/pico_stdio_usb/reset_interface.c.obj
                0x0000000010005084                usbd_app_driver_get_cb
 .text.tud_cdc_line_coding_cb
                0x0000000010005090       0x34 CMakeFiles/Thermostat.dir/home/austin/pico/pico-sdk/src/rp2_common/pico_stdio_usb/reset_interface.c.obj
                0x0000000010005090                tud_cdc_line_coding_cb
 .text.stdio_usb_in_chars
                0x00000000100050c4       0x68 CMakeFiles/Thermostat.dir/home/austin/pico/pico-sdk/src/rp2_common/pico_stdio_usb/stdio_usb.c.obj
                0x00000000100050c4                stdio_usb_in_chars
 .text.stdio_usb_out_chars
                0x000000001000512c       0xe4 CMakeFiles/Thermostat.dir/home/austin/pico/pico-sdk/src/rp2_common/pico_stdio_usb/stdio_usb.c.obj
 .text.timer_task
                0x0000000010005210       0x18 CMakeFiles/Thermostat.dir/home/austin/pico/pico-sdk/src/rp2_common/pico_stdio_usb/stdio_usb.c.obj
 .text.usb_irq  0x0000000010005228       0x10 CMakeFiles/Thermostat.dir/home/austin/pico/pico-sdk/src/rp2_common/pico_stdio_usb/stdio_usb.c.obj
 .text.low_priority_worker_irq
                0x0000000010005238       0x24 CMakeFiles/Thermostat.dir/home/austin/pico/pico-sdk/src/rp2_common/pico_stdio_usb/stdio_usb.c.obj
 .text.stdio_usb_init
                0x000000001000525c       0xb0 CMakeFiles/Thermostat.dir/home/austin/pico/pico-sdk/src/rp2_common/pico_stdio_usb/stdio_usb.c.obj
                0x000000001000525c                stdio_usb_init
 .text.tud_descriptor_device_cb
                0x000000001000530c        0x8 CMakeFiles/Thermostat.dir/home/austin/pico/pico-sdk/src/rp2_common/pico_stdio_usb/stdio_usb_descriptors.c.obj
                0x000000001000530c                tud_descriptor_device_cb
 .text.tud_descriptor_configuration_cb
                0x0000000010005314        0x8 CMakeFiles/Thermostat.dir/home/austin/pico/pico-sdk/src/rp2_common/pico_stdio_usb/stdio_usb_descriptors.c.obj
                0x0000000010005314                tud_descriptor_configuration_cb
 .text.tud_descriptor_string_cb
                0x000000001000531c       0x74 CMakeFiles/Thermostat.dir/home/austin/pico/pico-sdk/src/rp2_common/pico_stdio_usb/stdio_usb_descriptors.c.obj
                0x000000001000531c                tud_descriptor_string_cb
 .text.dcd_rp2040_irq
                0x0000000010005390      0x21c CMakeFiles/Thermostat.dir/home/austin/pico/pico-sdk/lib/tinyusb/src/portable/raspberrypi/rp2040/dcd_rp2040.c.obj
 .text.dcd_int_enable
                0x00000000100055ac        0xc CMakeFiles/Thermostat.dir/home/austin/pico/pico-sdk/lib/tinyusb/src/portable/raspberrypi/rp2040/dcd_rp2040.c.obj
                0x00000000100055ac                dcd_int_enable
 .text.dcd_set_address
                0x00000000100055b8       0x14 CMakeFiles/Thermostat.dir/home/austin/pico/pico-sdk/lib/tinyusb/src/portable/raspberrypi/rp2040/dcd_rp2040.c.obj
                0x00000000100055b8                dcd_set_address
 .text.dcd_connect
                0x00000000100055cc       0x10 CMakeFiles/Thermostat.dir/home/austin/pico/pico-sdk/lib/tinyusb/src/portable/raspberrypi/rp2040/dcd_rp2040.c.obj
                0x00000000100055cc                dcd_connect
 .text.dcd_init
                0x00000000100055dc      0x144 CMakeFiles/Thermostat.dir/home/austin/pico/pico-sdk/lib/tinyusb/src/portable/raspberrypi/rp2040/dcd_rp2040.c.obj
                0x00000000100055dc                dcd_init
 .text.dcd_edpt0_status_complete
                0x0000000010005720       0x1c CMakeFiles/Thermostat.dir/home/austin/pico/pico-sdk/lib/tinyusb/src/portable/raspberrypi/rp2040/dcd_rp2040.c.obj
                0x0000000010005720                dcd_edpt0_status_complete
 .text.dcd_edpt_open
                0x000000001000573c       0xf0 CMakeFiles/Thermostat.dir/home/austin/pico/pico-sdk/lib/tinyusb/src/portable/raspberrypi/rp2040/dcd_rp2040.c.obj
                0x000000001000573c                dcd_edpt_open
 .text.dcd_edpt_close_all
                0x000000001000582c       0xbc CMakeFiles/Thermostat.dir/home/austin/pico/pico-sdk/lib/tinyusb/src/portable/raspberrypi/rp2040/dcd_rp2040.c.obj
                0x000000001000582c                dcd_edpt_close_all
 .text.dcd_edpt_xfer
                0x00000000100058e8       0x24 CMakeFiles/Thermostat.dir/home/austin/pico/pico-sdk/lib/tinyusb/src/portable/raspberrypi/rp2040/dcd_rp2040.c.obj
                0x00000000100058e8                dcd_edpt_xfer
 .text.dcd_edpt_stall
                0x000000001000590c       0x38 CMakeFiles/Thermostat.dir/home/austin/pico/pico-sdk/lib/tinyusb/src/portable/raspberrypi/rp2040/dcd_rp2040.c.obj
                0x000000001000590c                dcd_edpt_stall
 .text.dcd_edpt_clear_stall
                0x0000000010005944       0x30 CMakeFiles/Thermostat.dir/home/austin/pico/pico-sdk/lib/tinyusb/src/portable/raspberrypi/rp2040/dcd_rp2040.c.obj
                0x0000000010005944                dcd_edpt_clear_stall
 .text._hw_endpoint_buffer_control_update32.part.0.isra.0
                0x0000000010005974       0x1c CMakeFiles/Thermostat.dir/home/austin/pico/pico-sdk/lib/tinyusb/src/portable/raspberrypi/rp2040/rp2040_usb.c.obj
 .text.rp2040_usb_init
                0x0000000010005990       0x4c CMakeFiles/Thermostat.dir/home/austin/pico/pico-sdk/lib/tinyusb/src/portable/raspberrypi/rp2040/rp2040_usb.c.obj
                0x0000000010005990                rp2040_usb_init
 .text.hw_endpoint_reset_transfer
                0x00000000100059dc        0xc CMakeFiles/Thermostat.dir/home/austin/pico/pico-sdk/lib/tinyusb/src/portable/raspberrypi/rp2040/rp2040_usb.c.obj
                0x00000000100059dc                hw_endpoint_reset_transfer
 .text._hw_endpoint_buffer_control_update32
                0x00000000100059e8       0x44 CMakeFiles/Thermostat.dir/home/austin/pico/pico-sdk/lib/tinyusb/src/portable/raspberrypi/rp2040/rp2040_usb.c.obj
                0x00000000100059e8                _hw_endpoint_buffer_control_update32
 .text.hw_endpoint_xfer_start
                0x0000000010005a2c      0x138 CMakeFiles/Thermostat.dir/home/austin/pico/pico-sdk/lib/tinyusb/src/portable/raspberrypi/rp2040/rp2040_usb.c.obj
                0x0000000010005a2c                hw_endpoint_xfer_start
 .text.hw_endpoint_xfer_continue
                0x0000000010005b64      0x1e4 CMakeFiles/Thermostat.dir/home/austin/pico/pico-sdk/lib/tinyusb/src/portable/raspberrypi/rp2040/rp2040_usb.c.obj
                0x0000000010005b64                hw_endpoint_xfer_continue
 .text.tud_mounted
                0x0000000010005d48       0x10 CMakeFiles/Thermostat.dir/home/austin/pico/pico-sdk/lib/tinyusb/src/device/usbd.c.obj
                0x0000000010005d48                tud_mounted
 .text.tud_suspended
                0x0000000010005d58       0x10 CMakeFiles/Thermostat.dir/home/austin/pico/pico-sdk/lib/tinyusb/src/device/usbd.c.obj
                0x0000000010005d58                tud_suspended
 .text.tud_inited
                0x0000000010005d68        0xc CMakeFiles/Thermostat.dir/home/austin/pico/pico-sdk/lib/tinyusb/src/device/usbd.c.obj
                0x0000000010005d68                tud_inited
 .text.tud_init
                0x0000000010005d74       0xd8 CMakeFiles/Thermostat.dir/home/austin/pico/pico-sdk/lib/tinyusb/src/device/usbd.c.obj
                0x0000000010005d74                tud_init
 .text.tud_task
                0x0000000010005e4c      0x8ec CMakeFiles/Thermostat.dir/home/austin/pico/pico-sdk/lib/tinyusb/src/device/usbd.c.obj
                0x0000000010005e4c                tud_task
 .text.dcd_event_bus_signal
                0x0000000010006738      0x120 CMakeFiles/Thermostat.dir/home/austin/pico/pico-sdk/lib/tinyusb/src/device/usbd.c.obj
                0x0000000010006738                dcd_event_bus_signal
 .text.dcd_event_bus_reset
                0x0000000010006858       0x54 CMakeFiles/Thermostat.dir/home/austin/pico/pico-sdk/lib/tinyusb/src/device/usbd.c.obj
                0x0000000010006858                dcd_event_bus_reset
 .text.dcd_event_setup_received
                0x00000000100068ac       0x50 CMakeFiles/Thermostat.dir/home/austin/pico/pico-sdk/lib/tinyusb/src/device/usbd.c.obj
                0x00000000100068ac                dcd_event_setup_received
 .text.dcd_event_xfer_complete
                0x00000000100068fc       0x68 CMakeFiles/Thermostat.dir/home/austin/pico/pico-sdk/lib/tinyusb/src/device/usbd.c.obj
                0x00000000100068fc                dcd_event_xfer_complete
 .text.usbd_open_edpt_pair
                0x0000000010006964       0x80 CMakeFiles/Thermostat.dir/home/austin/pico/pico-sdk/lib/tinyusb/src/device/usbd.c.obj
                0x0000000010006964                usbd_open_edpt_pair
 .text.usbd_edpt_open
                0x00000000100069e4       0x30 CMakeFiles/Thermostat.dir/home/austin/pico/pico-sdk/lib/tinyusb/src/device/usbd.c.obj
                0x00000000100069e4                usbd_edpt_open
 .text.usbd_edpt_claim
                0x0000000010006a14       0x64 CMakeFiles/Thermostat.dir/home/austin/pico/pico-sdk/lib/tinyusb/src/device/usbd.c.obj
                0x0000000010006a14                usbd_edpt_claim
 .text.usbd_edpt_release
                0x0000000010006a78       0x4c CMakeFiles/Thermostat.dir/home/austin/pico/pico-sdk/lib/tinyusb/src/device/usbd.c.obj
                0x0000000010006a78                usbd_edpt_release
 .text.usbd_edpt_xfer
                0x0000000010006ac4       0x48 CMakeFiles/Thermostat.dir/home/austin/pico/pico-sdk/lib/tinyusb/src/device/usbd.c.obj
                0x0000000010006ac4                usbd_edpt_xfer
 .text.tud_control_status
                0x0000000010006b0c       0x30 CMakeFiles/Thermostat.dir/home/austin/pico/pico-sdk/lib/tinyusb/src/device/usbd_control.c.obj
                0x0000000010006b0c                tud_control_status
 .text.tud_control_xfer
                0x0000000010006b3c       0xbc CMakeFiles/Thermostat.dir/home/austin/pico/pico-sdk/lib/tinyusb/src/device/usbd_control.c.obj
                0x0000000010006b3c                tud_control_xfer
 .text.usbd_control_reset
                0x0000000010006bf8       0x14 CMakeFiles/Thermostat.dir/home/austin/pico/pico-sdk/lib/tinyusb/src/device/usbd_control.c.obj
                0x0000000010006bf8                usbd_control_reset
 .text.usbd_control_set_complete_callback
                0x0000000010006c0c        0xc CMakeFiles/Thermostat.dir/home/austin/pico/pico-sdk/lib/tinyusb/src/device/usbd_control.c.obj
                0x0000000010006c0c                usbd_control_set_complete_callback
 .text.usbd_control_set_request
                0x0000000010006c18       0x1c CMakeFiles/Thermostat.dir/home/austin/pico/pico-sdk/lib/tinyusb/src/device/usbd_control.c.obj
                0x0000000010006c18                usbd_control_set_request
 .text.usbd_control_xfer_cb
                0x0000000010006c34       0xfc CMakeFiles/Thermostat.dir/home/austin/pico/pico-sdk/lib/tinyusb/src/device/usbd_control.c.obj
                0x0000000010006c34                usbd_control_xfer_cb
 .text.tud_cdc_n_connected
                0x0000000010006d30       0x30 CMakeFiles/Thermostat.dir/home/austin/pico/pico-sdk/lib/tinyusb/src/class/cdc/cdc_device.c.obj
                0x0000000010006d30                tud_cdc_n_connected
 .text.tud_cdc_n_available
                0x0000000010006d60       0x18 CMakeFiles/Thermostat.dir/home/austin/pico/pico-sdk/lib/tinyusb/src/class/cdc/cdc_device.c.obj
                0x0000000010006d60                tud_cdc_n_available
 .text.tud_cdc_n_read
                0x0000000010006d78       0x70 CMakeFiles/Thermostat.dir/home/austin/pico/pico-sdk/lib/tinyusb/src/class/cdc/cdc_device.c.obj
                0x0000000010006d78                tud_cdc_n_read
 .text.tud_cdc_n_write_flush
                0x0000000010006de8       0x78 CMakeFiles/Thermostat.dir/home/austin/pico/pico-sdk/lib/tinyusb/src/class/cdc/cdc_device.c.obj
                0x0000000010006de8                tud_cdc_n_write_flush
 .text.tud_cdc_n_write
                0x0000000010006e60       0x34 CMakeFiles/Thermostat.dir/home/austin/pico/pico-sdk/lib/tinyusb/src/class/cdc/cdc_device.c.obj
                0x0000000010006e60                tud_cdc_n_write
 .text.tud_cdc_n_write_available
                0x0000000010006e94       0x18 CMakeFiles/Thermostat.dir/home/austin/pico/pico-sdk/lib/tinyusb/src/class/cdc/cdc_device.c.obj
                0x0000000010006e94                tud_cdc_n_write_available
 .text.cdcd_init
                0x0000000010006eac       0x7c CMakeFiles/Thermostat.dir/home/austin/pico/pico-sdk/lib/tinyusb/src/class/cdc/cdc_device.c.obj
                0x0000000010006eac                cdcd_init
 .text.cdcd_reset
                0x0000000010006f28       0x2c CMakeFiles/Thermostat.dir/home/austin/pico/pico-sdk/lib/tinyusb/src/class/cdc/cdc_device.c.obj
                0x0000000010006f28                cdcd_reset
 .text.cdcd_open
                0x0000000010006f54       0xe4 CMakeFiles/Thermostat.dir/home/austin/pico/pico-sdk/lib/tinyusb/src/class/cdc/cdc_device.c.obj
                0x0000000010006f54                cdcd_open
 .text.cdcd_control_xfer_cb
                0x0000000010007038       0xe4 CMakeFiles/Thermostat.dir/home/austin/pico/pico-sdk/lib/tinyusb/src/class/cdc/cdc_device.c.obj
                0x0000000010007038                cdcd_control_xfer_cb
 .text.cdcd_xfer_cb
                0x000000001000711c      0x148 CMakeFiles/Thermostat.dir/home/austin/pico/pico-sdk/lib/tinyusb/src/class/cdc/cdc_device.c.obj
                0x000000001000711c                cdcd_xfer_cb
 .text.tusb_init
                0x0000000010007264        0xc CMakeFiles/Thermostat.dir/home/austin/pico/pico-sdk/lib/tinyusb/src/tusb.c.obj
                0x0000000010007264                tusb_init
 .text.tusb_inited
                0x0000000010007270        0x8 CMakeFiles/Thermostat.dir/home/austin/pico/pico-sdk/lib/tinyusb/src/tusb.c.obj
                0x0000000010007270                tusb_inited
 .text.tu_edpt_validate
                0x0000000010007278       0x78 CMakeFiles/Thermostat.dir/home/austin/pico/pico-sdk/lib/tinyusb/src/tusb.c.obj
                0x0000000010007278                tu_edpt_validate
 .text.tu_edpt_bind_driver
                0x00000000100072f0       0x2c CMakeFiles/Thermostat.dir/home/austin/pico/pico-sdk/lib/tinyusb/src/tusb.c.obj
                0x00000000100072f0                tu_edpt_bind_driver
 .text.tu_fifo_config
                0x000000001000731c       0x78 CMakeFiles/Thermostat.dir/home/austin/pico/pico-sdk/lib/tinyusb/src/common/tusb_fifo.c.obj
                0x000000001000731c                tu_fifo_config
 .text.tu_fifo_count
                0x0000000010007394       0x20 CMakeFiles/Thermostat.dir/home/austin/pico/pico-sdk/lib/tinyusb/src/common/tusb_fifo.c.obj
                0x0000000010007394                tu_fifo_count
 .text.tu_fifo_empty
                0x00000000100073b4       0x10 CMakeFiles/Thermostat.dir/home/austin/pico/pico-sdk/lib/tinyusb/src/common/tusb_fifo.c.obj
                0x00000000100073b4                tu_fifo_empty
 .text.tu_fifo_remaining
                0x00000000100073c4       0x1c CMakeFiles/Thermostat.dir/home/austin/pico/pico-sdk/lib/tinyusb/src/common/tusb_fifo.c.obj
                0x00000000100073c4                tu_fifo_remaining
 .text.tu_fifo_read
                0x00000000100073e0       0x9c CMakeFiles/Thermostat.dir/home/austin/pico/pico-sdk/lib/tinyusb/src/common/tusb_fifo.c.obj
                0x00000000100073e0                tu_fifo_read
 .text.tu_fifo_read_n
                0x000000001000747c      0x100 CMakeFiles/Thermostat.dir/home/austin/pico/pico-sdk/lib/tinyusb/src/common/tusb_fifo.c.obj
                0x000000001000747c                tu_fifo_read_n
 .text.tu_fifo_write
                0x000000001000757c       0x7c CMakeFiles/Thermostat.dir/home/austin/pico/pico-sdk/lib/tinyusb/src/common/tusb_fifo.c.obj
                0x000000001000757c                tu_fifo_write
 .text.tu_fifo_write_n
                0x00000000100075f8      0x100 CMakeFiles/Thermostat.dir/home/austin/pico/pico-sdk/lib/tinyusb/src/common/tusb_fifo.c.obj
                0x00000000100075f8                tu_fifo_write_n
 .text.tu_fifo_clear
                0x00000000100076f8       0x4c CMakeFiles/Thermostat.dir/home/austin/pico/pico-sdk/lib/tinyusb/src/common/tusb_fifo.c.obj
                0x00000000100076f8                tu_fifo_clear
 .text.tu_fifo_set_overwritable
                0x0000000010007744       0x3c CMakeFiles/Thermostat.dir/home/austin/pico/pico-sdk/lib/tinyusb/src/common/tusb_fifo.c.obj
                0x0000000010007744                tu_fifo_set_overwritable
 .text.startup._retrieve_unique_id_on_boot
                0x0000000010007780       0x10 CMakeFiles/Thermostat.dir/home/austin/pico/pico-sdk/src/rp2_common/pico_unique_id/unique_id.c.obj
 .text.pico_get_unique_board_id_string
                0x0000000010007790      0x1a8 CMakeFiles/Thermostat.dir/home/austin/pico/pico-sdk/src/rp2_common/pico_unique_id/unique_id.c.obj
                0x0000000010007790                pico_get_unique_board_id_string
 .text.flash_get_unique_id
                0x0000000010007938       0x40 CMakeFiles/Thermostat.dir/home/austin/pico/pico-sdk/src/rp2_common/hardware_flash/flash.c.obj
                0x0000000010007938                flash_get_unique_id
 .text.i2c_set_baudrate
                0x0000000010007978       0xc4 CMakeFiles/Thermostat.dir/home/austin/pico/pico-sdk/src/rp2_common/hardware_i2c/i2c.c.obj
                0x0000000010007978                i2c_set_baudrate
 .text.i2c_init
                0x0000000010007a3c       0x54 CMakeFiles/Thermostat.dir/home/austin/pico/pico-sdk/src/rp2_common/hardware_i2c/i2c.c.obj
                0x0000000010007a3c                i2c_init
 .text.i2c_write_blocking
                0x0000000010007a90       0xd0 CMakeFiles/Thermostat.dir/home/austin/pico/pico-sdk/src/rp2_common/hardware_i2c/i2c.c.obj
                0x0000000010007a90                i2c_write_blocking
 .text.i2c_read_blocking
                0x0000000010007b60       0xac CMakeFiles/Thermostat.dir/home/austin/pico/pico-sdk/src/rp2_common/hardware_i2c/i2c.c.obj
                0x0000000010007b60                i2c_read_blocking
 .text          0x0000000010007c0c     0x1530 ../FreeRTOS/libfreertos.a(tasks.c.obj)
                0x0000000010007de8                xTaskCreate
                0x0000000010008014                vTaskDelete
                0x00000000100080ac                uxTaskPriorityGet
                0x00000000100080cc                uxTaskPriorityGetFromISR
                0x00000000100080ec                vTaskPrioritySet
                0x00000000100081a8                vTaskSuspend
                0x00000000100082e8                vTaskResume
                0x000000001000836c                xTaskResumeFromISR
                0x000000001000840c                vTaskStartScheduler
                0x0000000010008578                vTaskEndScheduler
                0x000000001000858c                vTaskSuspendAll
                0x000000001000859c                xTaskResumeAll
                0x00000000100086d0                xTaskDelayUntil
                0x000000001000874c                vTaskDelay
                0x00000000100087a0                xTaskGetTickCount
                0x00000000100087ac                xTaskGetTickCountFromISR
                0x00000000100087b8                uxTaskGetNumberOfTasks
                0x00000000100087c4                pcTaskGetName
                0x00000000100087d8                xTaskCatchUpTicks
                0x0000000010008804                xTaskIncrementTick
                0x0000000010008828                vTaskSwitchContext
                0x00000000100088cc                vTaskPlaceOnEventList
                0x0000000010008940                vTaskPlaceOnUnorderedEventList
                0x00000000100089dc                vTaskPlaceOnEventListRestricted
                0x0000000010008a78                xTaskRemoveFromEventList
                0x0000000010008b40                vTaskRemoveFromUnorderedEventList
                0x0000000010008bd4                vTaskSetTimeOutState
                0x0000000010008bf0                vTaskInternalSetTimeOutState
                0x0000000010008c00                xTaskCheckForTimeOut
                0x0000000010008c50                vTaskMissedYield
                0x0000000010008c5c                vTaskSetThreadLocalStoragePointer
                0x0000000010008c78                pvTaskGetThreadLocalStoragePointer
                0x0000000010008c98                xTaskGetCurrentTaskHandle
                0x0000000010008ca4                xTaskGetSchedulerState
                0x0000000010008cbc                uxTaskResetEventItemValue
                0x0000000010008cd4                ulTaskGenericNotifyTake
                0x0000000010008d50                xTaskGenericNotifyWait
                0x0000000010008dec                xTaskGenericNotify
                0x0000000010008ed4                xTaskGenericNotifyFromISR
                0x0000000010008ffc                vTaskGenericNotifyGiveFromISR
                0x00000000100090dc                xTaskGenericNotifyStateClear
                0x000000001000910c                ulTaskGenericNotifyValueClear
 .text          0x000000001000913c      0x534 ../FreeRTOS/libfreertos.a(timers.c.obj)
                0x0000000010009454                xTimerCreateTimerTask
                0x00000000100094c8                xTimerCreate
                0x0000000010009570                xTimerGenericCommand
                0x00000000100095c4                xTimerGetTimerDaemonTaskHandle
                0x00000000100095d0                xTimerGetPeriod
                0x00000000100095d4                vTimerSetReloadMode
                0x00000000100095f8                xTimerGetReloadMode
                0x0000000010009610                uxTimerGetReloadMode
                0x0000000010009628                xTimerGetExpiryTime
                0x000000001000962c                pcTimerGetName
                0x0000000010009630                xTimerIsTimerActive
                0x0000000010009648                pvTimerGetTimerID
                0x000000001000965c                vTimerSetTimerID
 .text          0x0000000010009670       0x30 ../FreeRTOS/libfreertos.a(heap_3.c.obj)
                0x0000000010009670                pvPortMalloc
                0x0000000010009688                vPortFree
 .text          0x00000000100096a0      0x194 ../FreeRTOS/libfreertos.a(port.c.obj)
                0x00000000100096e4                pxPortInitialiseStack
                0x0000000010009704                isr_svcall
                0x0000000010009708                vPortEndScheduler
                0x000000001000970c                vPortYield
                0x0000000010009724                vPortEnterCritical
                0x000000001000973c                vPortExitCritical
                0x0000000010009750                ulSetInterruptMaskFromISR
                0x0000000010009758                vClearInterruptMaskFromISR
                0x0000000010009760                isr_pendsv
                0x00000000100097a4                isr_systick
                0x00000000100097c8                vPortSetupTimerInterrupt
                0x00000000100097f0                xPortStartScheduler
 .text          0x0000000010009834       0x8c ../FreeRTOS/libfreertos.a(list.c.obj)
                0x0000000010009834                vListInitialise
                0x000000001000984c                vListInitialiseItem
                0x0000000010009854                vListInsertEnd
                0x000000001000986c                vListInsert
                0x000000001000989c                uxListRemove
 .text          0x00000000100098c0     0x11fc ../FreeRTOS/libfreertos.a(queue.c.obj)
                0x00000000100098c0                xQueueGenericReset
                0x0000000010009960                xQueueGenericCreate
                0x00000000100099f8                xQueueGenericSend
                0x0000000010009d10                xQueueGenericSendFromISR
                0x0000000010009e28                xQueueGiveFromISR
                0x0000000010009e94                xQueueReceive
                0x000000001000a134                xQueueSemaphoreTake
                0x000000001000a3b8                xQueuePeek
                0x000000001000a654                xQueueReceiveFromISR
                0x000000001000a6e4                xQueuePeekFromISR
                0x000000001000a724                uxQueueMessagesWaiting
                0x000000001000a738                uxQueueSpacesAvailable
                0x000000001000a750                uxQueueMessagesWaitingFromISR
                0x000000001000a754                vQueueDelete
                0x000000001000a7d4                xQueueIsQueueEmptyFromISR
                0x000000001000a7dc                xQueueIsQueueFullFromISR
                0x000000001000a7e8                vQueueAddToRegistry
                0x000000001000a900                pcQueueGetName
                0x000000001000a974                vQueueUnregisterQueue
                0x000000001000a9ec                vQueueWaitForMessageRestricted
 .text          0x000000001000aabc       0x28 /usr/lib/gcc/arm-none-eabi/10.3.1/../../../arm-none-eabi/lib/thumb/v6-m/nofp/libc.a(lib_a-malloc.o)
                0x000000001000aabc                malloc
                0x000000001000aad0                free
 .text          0x000000001000aae4      0x574 /usr/lib/gcc/arm-none-eabi/10.3.1/../../../arm-none-eabi/lib/thumb/v6-m/nofp/libc.a(lib_a-mallocr.o)
                0x000000001000aae4                _malloc_r
 .text          0x000000001000b058        0x8 /usr/lib/gcc/arm-none-eabi/10.3.1/../../../arm-none-eabi/lib/thumb/v6-m/nofp/libc.a(lib_a-mlock.o)
                0x000000001000b058                __malloc_lock
                0x000000001000b05c                __malloc_unlock
 .text          0x000000001000b060       0x24 /usr/lib/gcc/arm-none-eabi/10.3.1/../../../arm-none-eabi/lib/thumb/v6-m/nofp/libc.a(lib_a-sbrkr.o)
                0x000000001000b060                _sbrk_r
 .text          0x000000001000b084       0x5c /usr/lib/gcc/arm-none-eabi/10.3.1/../../../arm-none-eabi/lib/thumb/v6-m/nofp/libc.a(lib_a-strlen-stub.o)
                0x000000001000b084                strlen
 .text          0x000000001000b0e0      0x260 /usr/lib/gcc/arm-none-eabi/10.3.1/../../../arm-none-eabi/lib/thumb/v6-m/nofp/libc.a(lib_a-freer.o)
                0x000000001000b0e0                _malloc_trim_r
                0x000000001000b17c                _free_r
 *(.fini)
 .fini          0x000000001000b340        0x4 /usr/lib/gcc/arm-none-eabi/10.3.1/thumb/v6-m/nofp/crti.o
                0x000000001000b340                _fini
 *fill*         0x000000001000b344        0x4 
 .fini.__stub   0x000000001000b348       0x70 linker stubs
 *crtbegin.o(.ctors)
 *crtbegin?.o(.ctors)
 *(EXCLUDE_FILE(*crtend.o *crtend?.o) .ctors)
 *(SORT_BY_NAME(.ctors.*))
 *(.ctors)
 *crtbegin.o(.dtors)
 *crtbegin?.o(.dtors)
 *(EXCLUDE_FILE(*crtend.o *crtend?.o) .dtors)
 *(SORT_BY_NAME(.dtors.*))
 *(.dtors)
 *(.eh_frame*)
 .eh_frame      0x000000001000b3b8        0x0 /usr/lib/gcc/arm-none-eabi/10.3.1/thumb/v6-m/nofp/crtbegin.o
                0x000000001000b3b8                . = ALIGN (0x4)

.glue_7         0x000000001000b3b8        0x0
 .glue_7        0x000000001000b3b8        0x0 linker stubs

.glue_7t        0x000000001000b3b8        0x0
 .glue_7t       0x000000001000b3b8        0x0 linker stubs

.vfp11_veneer   0x000000001000b3b8        0x0
 .vfp11_veneer  0x000000001000b3b8        0x0 linker stubs

.v4_bx          0x000000001000b3b8        0x0
 .v4_bx         0x000000001000b3b8        0x0 linker stubs

.iplt           0x000000001000b3b8        0x0
 .iplt          0x000000001000b3b8        0x0 /usr/lib/gcc/arm-none-eabi/10.3.1/thumb/v6-m/nofp/crtbegin.o

.rodata         0x000000001000b3b8      0x660
 *(EXCLUDE_FILE(*libm.a: *libc.a:*lib_a-mem*.o *libgcc.a:) .rodata*)
 .rodata.manage_sensor.str1.4
                0x000000001000b3b8       0x22 CMakeFiles/Thermostat.dir/main.c.obj
 *fill*         0x000000001000b3da        0x2 
 .rodata.manage_relay.str1.4
                0x000000001000b3dc       0x16 CMakeFiles/Thermostat.dir/main.c.obj
 *fill*         0x000000001000b3f2        0x2 
 .rodata.get_inputs.str1.4
                0x000000001000b3f4       0x31 CMakeFiles/Thermostat.dir/main.c.obj
 *fill*         0x000000001000b425        0x3 
 .rodata.main.str1.4
                0x000000001000b428       0x59 CMakeFiles/Thermostat.dir/main.c.obj
 *fill*         0x000000001000b481        0x3 
 .rodata.seven_seg_begin.str1.4
                0x000000001000b484        0x6 CMakeFiles/Thermostat.dir/seven_seg.c.obj
 *fill*         0x000000001000b48a        0x2 
 .rodata.seven_seg_display_off.str1.4
                0x000000001000b48c        0x2 CMakeFiles/Thermostat.dir/seven_seg.c.obj
 *fill*         0x000000001000b48e        0x2 
 .rodata.charmap
                0x000000001000b490       0x12 CMakeFiles/Thermostat.dir/seven_seg.c.obj
 *fill*         0x000000001000b4a2        0x2 
 .rodata.__bi_26.0
                0x000000001000b4a4        0x8 CMakeFiles/Thermostat.dir/i2c_module.c.obj
 .rodata.aht20_initialize.str1.4
                0x000000001000b4ac        0x3 CMakeFiles/Thermostat.dir/aht20.c.obj
 *fill*         0x000000001000b4af        0x1 
 .rodata.aht20_start_measurement.str1.4
                0x000000001000b4b0        0x3 CMakeFiles/Thermostat.dir/aht20.c.obj
 *fill*         0x000000001000b4b3        0x1 
 .rodata.spin_lock_claim_unused.str1.4
                0x000000001000b4b4       0x1b CMakeFiles/Thermostat.dir/home/austin/pico/pico-sdk/src/rp2_common/hardware_sync/sync.c.obj
 *fill*         0x000000001000b4cf        0x1 
 .rodata.user_irq_claim_unused.str1.4
                0x000000001000b4d0       0x1b CMakeFiles/Thermostat.dir/home/austin/pico/pico-sdk/src/rp2_common/hardware_irq/irq.c.obj
 *fill*         0x000000001000b4eb        0x1 
 .rodata.hardware_alarm_claim.str1.4
                0x000000001000b4ec       0x22 CMakeFiles/Thermostat.dir/home/austin/pico/pico-sdk/src/rp2_common/hardware_timer/timer.c.obj
 *fill*         0x000000001000b50e        0x2 
 .rodata.panic.str1.4
                0x000000001000b510       0x10 CMakeFiles/Thermostat.dir/home/austin/pico/pico-sdk/src/rp2_common/pico_runtime/runtime.c.obj
                                         0x12 (size before relaxing)
 .rodata.hard_assertion_failure.str1.4
                0x000000001000b520        0xc CMakeFiles/Thermostat.dir/home/austin/pico/pico-sdk/src/rp2_common/pico_runtime/runtime.c.obj
 .rodata._ftoa.str1.4
                0x000000001000b52c       0x15 CMakeFiles/Thermostat.dir/home/austin/pico/pico-sdk/src/rp2_common/pico_printf/printf.c.obj
 *fill*         0x000000001000b541        0x3 
 .rodata._vsnprintf
                0x000000001000b544      0x1e0 CMakeFiles/Thermostat.dir/home/austin/pico/pico-sdk/src/rp2_common/pico_printf/printf.c.obj
 *fill*         0x000000001000b724        0x4 
 .rodata.pow10.0
                0x000000001000b728       0x50 CMakeFiles/Thermostat.dir/home/austin/pico/pico-sdk/src/rp2_common/pico_printf/printf.c.obj
 .rodata.__wrap_malloc.str1.4
                0x000000001000b778        0xe CMakeFiles/Thermostat.dir/home/austin/pico/pico-sdk/src/rp2_common/pico_malloc/pico_malloc.c.obj
 *fill*         0x000000001000b786        0x2 
 .rodata.str1.4
                0x000000001000b788       0x40 CMakeFiles/Thermostat.dir/home/austin/pico/pico-sdk/src/rp2_common/pico_standard_link/binary_info.c.obj
 .rodata.__bi_44
                0x000000001000b7c8        0xc CMakeFiles/Thermostat.dir/home/austin/pico/pico-sdk/src/rp2_common/pico_standard_link/binary_info.c.obj
 .rodata.__bi_75
                0x000000001000b7d4        0xc CMakeFiles/Thermostat.dir/home/austin/pico/pico-sdk/src/rp2_common/pico_standard_link/binary_info.c.obj
 .rodata.__bi_81
                0x000000001000b7e0        0xc CMakeFiles/Thermostat.dir/home/austin/pico/pico-sdk/src/rp2_common/pico_standard_link/binary_info.c.obj
 .rodata.crlf_str.0
                0x000000001000b7ec        0x2 CMakeFiles/Thermostat.dir/home/austin/pico/pico-sdk/src/rp2_common/pico_stdio/stdio.c.obj
 *fill*         0x000000001000b7ee        0x2 
 .rodata._resetd_driver
                0x000000001000b7f0       0x18 CMakeFiles/Thermostat.dir/home/austin/pico/pico-sdk/src/rp2_common/pico_stdio_usb/reset_interface.c.obj
 .rodata.str1.4
                0x000000001000b808       0x13 CMakeFiles/Thermostat.dir/home/austin/pico/pico-sdk/src/rp2_common/pico_stdio_usb/stdio_usb.c.obj
 *fill*         0x000000001000b81b        0x1 
 .rodata.__bi_118.0
                0x000000001000b81c        0xc CMakeFiles/Thermostat.dir/home/austin/pico/pico-sdk/src/rp2_common/pico_stdio_usb/stdio_usb.c.obj
 .rodata.str1.4
                0x000000001000b828       0x2a CMakeFiles/Thermostat.dir/home/austin/pico/pico-sdk/src/rp2_common/pico_stdio_usb/stdio_usb_descriptors.c.obj
 *fill*         0x000000001000b852        0x2 
 .rodata.usbd_desc_cfg
                0x000000001000b854       0x54 CMakeFiles/Thermostat.dir/home/austin/pico/pico-sdk/src/rp2_common/pico_stdio_usb/stdio_usb_descriptors.c.obj
 .rodata.usbd_desc_device
                0x000000001000b8a8       0x12 CMakeFiles/Thermostat.dir/home/austin/pico/pico-sdk/src/rp2_common/pico_stdio_usb/stdio_usb_descriptors.c.obj
 *fill*         0x000000001000b8ba        0x2 
 .rodata.usbd_desc_str
                0x000000001000b8bc       0x18 CMakeFiles/Thermostat.dir/home/austin/pico/pico-sdk/src/rp2_common/pico_stdio_usb/stdio_usb_descriptors.c.obj
 .rodata.dcd_rp2040_irq.str1.4
                0x000000001000b8d4       0x14 CMakeFiles/Thermostat.dir/home/austin/pico/pico-sdk/lib/tinyusb/src/portable/raspberrypi/rp2040/dcd_rp2040.c.obj
 .rodata._hw_endpoint_buffer_control_update32.part.0.isra.0.str1.4
                0x000000001000b8e8       0x1f CMakeFiles/Thermostat.dir/home/austin/pico/pico-sdk/lib/tinyusb/src/portable/raspberrypi/rp2040/rp2040_usb.c.obj
 *fill*         0x000000001000b907        0x1 
 .rodata.hw_endpoint_xfer_continue.str1.4
                0x000000001000b908       0x29 CMakeFiles/Thermostat.dir/home/austin/pico/pico-sdk/lib/tinyusb/src/portable/raspberrypi/rp2040/rp2040_usb.c.obj
 *fill*         0x000000001000b931        0x3 
 .rodata.str1.4
                0x000000001000b934        0x7 CMakeFiles/Thermostat.dir/home/austin/pico/pico-sdk/lib/tinyusb/src/portable/raspberrypi/rp2040/rp2040_usb.c.obj
 *fill*         0x000000001000b93b        0x1 
 .rodata.tud_task
                0x000000001000b93c       0x8c CMakeFiles/Thermostat.dir/home/austin/pico/pico-sdk/lib/tinyusb/src/device/usbd.c.obj
 .rodata._usbd_driver
                0x000000001000b9c8       0x18 CMakeFiles/Thermostat.dir/home/austin/pico/pico-sdk/lib/tinyusb/src/device/usbd.c.obj
 .rodata        0x000000001000b9e0       0x28 ../FreeRTOS/libfreertos.a(timers.c.obj)
 .rodata.str1.4
                0x000000001000ba08       0x10 ../FreeRTOS/libfreertos.a(timers.c.obj)
                0x000000001000ba18                . = ALIGN (0x4)
 *(SORT_BY_ALIGNMENT(SORT_BY_NAME(.flashdata*)))
                0x000000001000ba18                . = ALIGN (0x4)

.rel.dyn        0x000000001000ba18        0x0
 .rel.iplt      0x000000001000ba18        0x0 /usr/lib/gcc/arm-none-eabi/10.3.1/thumb/v6-m/nofp/crtbegin.o

.ARM.extab
 *(.ARM.extab* .gnu.linkonce.armextab.*)
                0x000000001000ba18                __exidx_start = .

.ARM.exidx
 *(.ARM.exidx* .gnu.linkonce.armexidx.*)
                0x000000001000ba18                __exidx_end = .
                0x000000001000ba18                . = ALIGN (0x4)
                0x000000001000ba18                __binary_info_start = .

.binary_info    0x000000001000ba18       0x24
 *(.binary_info.keep.*)
 .binary_info.keep.__bi_ptr26
                0x000000001000ba18        0x4 CMakeFiles/Thermostat.dir/i2c_module.c.obj
 .binary_info.keep.__bi_ptr22
                0x000000001000ba1c        0x4 CMakeFiles/Thermostat.dir/home/austin/pico/pico-sdk/src/rp2_common/pico_standard_link/binary_info.c.obj
 .binary_info.keep.__bi_ptr30
                0x000000001000ba20        0x4 CMakeFiles/Thermostat.dir/home/austin/pico/pico-sdk/src/rp2_common/pico_standard_link/binary_info.c.obj
 .binary_info.keep.__bi_ptr38
                0x000000001000ba24        0x4 CMakeFiles/Thermostat.dir/home/austin/pico/pico-sdk/src/rp2_common/pico_standard_link/binary_info.c.obj
 .binary_info.keep.__bi_ptr44
                0x000000001000ba28        0x4 CMakeFiles/Thermostat.dir/home/austin/pico/pico-sdk/src/rp2_common/pico_standard_link/binary_info.c.obj
 .binary_info.keep.__bi_ptr50
                0x000000001000ba2c        0x4 CMakeFiles/Thermostat.dir/home/austin/pico/pico-sdk/src/rp2_common/pico_standard_link/binary_info.c.obj
 .binary_info.keep.__bi_ptr75
                0x000000001000ba30        0x4 CMakeFiles/Thermostat.dir/home/austin/pico/pico-sdk/src/rp2_common/pico_standard_link/binary_info.c.obj
 .binary_info.keep.__bi_ptr81
                0x000000001000ba34        0x4 CMakeFiles/Thermostat.dir/home/austin/pico/pico-sdk/src/rp2_common/pico_standard_link/binary_info.c.obj
 *(.binary_info.*)
 .binary_info.__bi_ptr118
                0x000000001000ba38        0x4 CMakeFiles/Thermostat.dir/home/austin/pico/pico-sdk/src/rp2_common/pico_stdio_usb/stdio_usb.c.obj
                0x000000001000ba3c                __binary_info_end = .
                0x000000001000ba3c                . = ALIGN (0x4)
                0x000000001000ba3c                __etext = .

.ram_vector_table
                0x0000000020000000       0xc0
 *(.ram_vector_table)
 .ram_vector_table
                0x0000000020000000       0xc0 CMakeFiles/Thermostat.dir/home/austin/pico/pico-sdk/src/rp2_common/pico_runtime/runtime.c.obj
                0x0000000020000000                ram_vector_table

.data           0x00000000200000c0      0xc20 load address 0x000000001000ba3c
                0x00000000200000c0                __data_start__ = .
 *(vtable)
 *(.time_critical*)
 .time_critical.mutex_enter_blocking
                0x00000000200000c0       0x48 CMakeFiles/Thermostat.dir/home/austin/pico/pico-sdk/src/common/pico_sync/mutex.c.obj
                0x00000000200000c0                mutex_enter_blocking
 .time_critical.mutex_try_enter
                0x0000000020000108       0x44 CMakeFiles/Thermostat.dir/home/austin/pico/pico-sdk/src/common/pico_sync/mutex.c.obj
                0x0000000020000108                mutex_try_enter
 .time_critical.mutex_enter_timeout_ms
                0x000000002000014c       0xa0 CMakeFiles/Thermostat.dir/home/austin/pico/pico-sdk/src/common/pico_sync/mutex.c.obj
                0x000000002000014c                mutex_enter_timeout_ms
 .time_critical.mutex_exit
                0x00000000200001ec       0x28 CMakeFiles/Thermostat.dir/home/austin/pico/pico-sdk/src/common/pico_sync/mutex.c.obj
                0x00000000200001ec                mutex_exit
 .time_critical.flash_init_boot2_copyout
                0x0000000020000214       0x30 CMakeFiles/Thermostat.dir/home/austin/pico/pico-sdk/src/rp2_common/hardware_flash/flash.c.obj
 .time_critical.flash_enable_xip_via_boot2
                0x0000000020000244       0x10 CMakeFiles/Thermostat.dir/home/austin/pico/pico-sdk/src/rp2_common/hardware_flash/flash.c.obj
 .time_critical.flash_cs_force
                0x0000000020000254       0x38 CMakeFiles/Thermostat.dir/home/austin/pico/pico-sdk/src/rp2_common/hardware_flash/flash.c.obj
 .time_critical.flash_do_cmd
                0x000000002000028c       0xc4 CMakeFiles/Thermostat.dir/home/austin/pico/pico-sdk/src/rp2_common/hardware_flash/flash.c.obj
                0x000000002000028c                flash_do_cmd
 *(.text*)
 .text          0x0000000020000350        0x4 /usr/lib/gcc/arm-none-eabi/10.3.1/thumb/v6-m/nofp/libgcc.a(_dvmd_tls.o)
                0x0000000020000350                __aeabi_ldiv0
                0x0000000020000350                __aeabi_idiv0
 *fill*         0x0000000020000354        0x4 
 .text.__stub   0x0000000020000358       0x30 linker stubs
                0x0000000020000388                . = ALIGN (0x4)
 *(.rodata*)
                0x0000000020000388                . = ALIGN (0x4)
 *(.data*)
 .data.current_humi
                0x0000000020000388        0x4 CMakeFiles/Thermostat.dir/main.c.obj
 .data.current_temp
                0x000000002000038c        0x4 CMakeFiles/Thermostat.dir/main.c.obj
 .data.cycle_btn_state.0
                0x0000000020000390        0x1 CMakeFiles/Thermostat.dir/main.c.obj
 .data.down_btn_state.1
                0x0000000020000391        0x1 CMakeFiles/Thermostat.dir/main.c.obj
 .data.up_btn_state.2
                0x0000000020000392        0x1 CMakeFiles/Thermostat.dir/main.c.obj
 .data.striped_spin_lock_num
                0x0000000020000393        0x1 CMakeFiles/Thermostat.dir/home/austin/pico/pico-sdk/src/rp2_common/hardware_sync/sync.c.obj
 .data          0x0000000020000394       0x48 CMakeFiles/Thermostat.dir/home/austin/pico/pico-sdk/src/rp2_common/hardware_irq/irq_handler_chain.S.obj
                0x0000000020000394                irq_handler_chain_slots
                0x00000000200003c4                irq_handler_chain_first_slot
                0x00000000200003ce                irq_handler_chain_remove_tail
 .data.default_alarm_pool
                0x00000000200003dc       0x18 CMakeFiles/Thermostat.dir/home/austin/pico/pico-sdk/src/common/pico_time/time.c.obj
 .data.default_alarm_pool_heap
                0x00000000200003f4       0x10 CMakeFiles/Thermostat.dir/home/austin/pico/pico-sdk/src/common/pico_time/time.c.obj
 *fill*         0x0000000020000404        0xc 
 .data.aeabi_bits_funcs
                0x0000000020000410       0x10 CMakeFiles/Thermostat.dir/home/austin/pico/pico-sdk/src/rp2_common/pico_bit_ops/bit_ops_aeabi.S.obj
                0x0000000020000410                aeabi_bits_funcs
                0x0000000020000420                aeabi_bits_funcs_end
 .data.aeabi_mem_funcs
                0x0000000020000420       0x10 CMakeFiles/Thermostat.dir/home/austin/pico/pico-sdk/src/rp2_common/pico_mem_ops/mem_ops_aeabi.S.obj
                0x0000000020000420                aeabi_mem_funcs
                0x0000000020000430                aeabi_mem_funcs_end
 .data.stdio_usb
                0x0000000020000430       0x14 CMakeFiles/Thermostat.dir/home/austin/pico/pico-sdk/src/rp2_common/pico_stdio_usb/stdio_usb.c.obj
                0x0000000020000430                stdio_usb
 .data.ep_dir_string
                0x0000000020000444        0x8 CMakeFiles/Thermostat.dir/home/austin/pico/pico-sdk/lib/tinyusb/src/portable/raspberrypi/rp2040/rp2040_usb.c.obj
                0x0000000020000444                ep_dir_string
 .data._usbd_qdef
                0x000000002000044c       0x24 CMakeFiles/Thermostat.dir/home/austin/pico/pico-sdk/lib/tinyusb/src/device/usbd.c.obj
                0x000000002000044c                _usbd_qdef
 .data.i2c0_inst
                0x0000000020000470        0x8 CMakeFiles/Thermostat.dir/home/austin/pico/pico-sdk/src/rp2_common/hardware_i2c/i2c.c.obj
                0x0000000020000470                i2c0_inst
 .data          0x0000000020000478        0x4 ../FreeRTOS/libfreertos.a(tasks.c.obj)
                0x0000000020000478                uxTopUsedPriority
 .data          0x000000002000047c        0x4 ../FreeRTOS/libfreertos.a(port.c.obj)
 .data          0x0000000020000480      0x430 /usr/lib/gcc/arm-none-eabi/10.3.1/../../../arm-none-eabi/lib/thumb/v6-m/nofp/libc.a(lib_a-impure.o)
                0x0000000020000480                _impure_ptr
 .data          0x00000000200008b0      0x410 /usr/lib/gcc/arm-none-eabi/10.3.1/../../../arm-none-eabi/lib/thumb/v6-m/nofp/libc.a(lib_a-mallocr.o)
                0x00000000200008b0                __malloc_sbrk_base
                0x00000000200008b4                __malloc_trim_threshold
                0x00000000200008b8                __malloc_av_
                0x0000000020000cc0                . = ALIGN (0x4)
 *(.after_data.*)
                0x0000000020000cc0                . = ALIGN (0x4)
                0x0000000020000cc0                PROVIDE (__mutex_array_start = .)
 *(SORT_BY_NAME(.mutex_array.*))
 *(.mutex_array)
 .mutex_array   0x0000000020000cc0        0x8 CMakeFiles/Thermostat.dir/home/austin/pico/pico-sdk/src/rp2_common/pico_stdio/stdio.c.obj
                0x0000000020000cc8                PROVIDE (__mutex_array_end = .)
                0x0000000020000cc8                . = ALIGN (0x4)
                0x0000000020000cc8                PROVIDE (__preinit_array_start = .)
 *(SORT_BY_NAME(.preinit_array.*))
 .preinit_array.00001
                0x0000000020000cc8        0x4 CMakeFiles/Thermostat.dir/home/austin/pico/pico-sdk/src/rp2_common/pico_mem_ops/mem_ops_aeabi.S.obj
 .preinit_array.00010
                0x0000000020000ccc        0x4 CMakeFiles/Thermostat.dir/home/austin/pico/pico-sdk/src/rp2_common/pico_bit_ops/bit_ops_aeabi.S.obj
 .preinit_array.00020
                0x0000000020000cd0        0x4 CMakeFiles/Thermostat.dir/home/austin/pico/pico-sdk/src/rp2_common/pico_double/double_aeabi.S.obj
 .preinit_array.00020
                0x0000000020000cd4        0x4 CMakeFiles/Thermostat.dir/home/austin/pico/pico-sdk/src/rp2_common/pico_float/float_aeabi.S.obj
 *(.preinit_array)
                0x0000000020000cd8                PROVIDE (__preinit_array_end = .)
                0x0000000020000cd8                . = ALIGN (0x4)
                0x0000000020000cd8                PROVIDE (__init_array_start = .)
 *(SORT_BY_NAME(.init_array.*))
 *(.init_array)
 .init_array    0x0000000020000cd8        0x4 /usr/lib/gcc/arm-none-eabi/10.3.1/thumb/v6-m/nofp/crtbegin.o
 .init_array    0x0000000020000cdc        0x4 CMakeFiles/Thermostat.dir/home/austin/pico/pico-sdk/src/rp2_common/pico_unique_id/unique_id.c.obj
                0x0000000020000ce0                PROVIDE (__init_array_end = .)
                0x0000000020000ce0                . = ALIGN (0x4)
                0x0000000020000ce0                PROVIDE (__fini_array_start = .)
 *(SORT_BY_NAME(.fini_array.*))
 *(.fini_array)
                0x0000000020000ce0                PROVIDE (__fini_array_end = .)
 *(.jcr)
                0x0000000020000ce0                . = ALIGN (0x4)
                0x0000000020000ce0                __data_end__ = .

.tm_clone_table
                0x0000000020000ce0        0x0 load address 0x000000001000c65c
 .tm_clone_table
                0x0000000020000ce0        0x0 /usr/lib/gcc/arm-none-eabi/10.3.1/thumb/v6-m/nofp/crtbegin.o
 .tm_clone_table
                0x0000000020000ce0        0x0 /usr/lib/gcc/arm-none-eabi/10.3.1/thumb/v6-m/nofp/crtend.o

.igot.plt       0x0000000020000ce0        0x0 load address 0x000000001000c65c
 .igot.plt      0x0000000020000ce0        0x0 /usr/lib/gcc/arm-none-eabi/10.3.1/thumb/v6-m/nofp/crtbegin.o

.uninitialized_data
                0x0000000020000ce0        0x0 load address 0x000000001000c65c
                0x0000000020000ce0                . = ALIGN (0x4)
 *(.uninitialized_data*)

.scratch_x      0x0000000020040000        0x0 load address 0x000000001000c65c
                0x0000000020040000                __scratch_x_start__ = .
 *(.scratch_x.*)
                0x0000000020040000                . = ALIGN (0x4)
                0x0000000020040000                __scratch_x_end__ = .
                0x000000001000c65c                __scratch_x_source__ = LOADADDR (.scratch_x)

.scratch_y      0x0000000020041000        0x0 load address 0x000000001000c65c
                0x0000000020041000                __scratch_y_start__ = .
 *(.scratch_y.*)
                0x0000000020041000                . = ALIGN (0x4)
                0x0000000020041000                __scratch_y_end__ = .
                0x000000001000c65c                __scratch_y_source__ = LOADADDR (.scratch_y)

.bss            0x0000000020000ce0      0xf74
                0x0000000020000ce0                . = ALIGN (0x4)
                0x0000000020000ce0                __bss_start__ = .
 *(SORT_BY_ALIGNMENT(SORT_BY_NAME(.bss*)))
 .bss           0x0000000020000ce0       0x50 ../FreeRTOS/libfreertos.a(queue.c.obj)
                0x0000000020000ce0                xQueueRegistry
 .bss.default_alarm_pool_entries
                0x0000000020000d30      0x100 CMakeFiles/Thermostat.dir/home/austin/pico/pico-sdk/src/common/pico_time/time.c.obj
 .bss.last_avail_time.1
                0x0000000020000e30        0x8 CMakeFiles/Thermostat.dir/home/austin/pico/pico-sdk/src/rp2_common/pico_stdio_usb/stdio_usb.c.obj
 .bss.sd_table  0x0000000020000e38      0x100 CMakeFiles/Thermostat.dir/home/austin/pico/pico-sdk/src/rp2_common/pico_double/double_init_rom.c.obj
                0x0000000020000e38                sd_table
 .bss.sf_table  0x0000000020000f38      0x100 CMakeFiles/Thermostat.dir/home/austin/pico/pico-sdk/src/rp2_common/pico_float/float_init_rom.c.obj
                0x0000000020000f38                sf_table
 .bss           0x0000000020001038       0x1c /usr/lib/gcc/arm-none-eabi/10.3.1/thumb/v6-m/nofp/crtbegin.o
 .bss           0x0000000020001054      0x104 ../FreeRTOS/libfreertos.a(tasks.c.obj)
                0x00000000200010d8                pxCurrentTCB
 .bss           0x0000000020001158       0x3c ../FreeRTOS/libfreertos.a(timers.c.obj)
 .bss           0x0000000020001194       0x34 /usr/lib/gcc/arm-none-eabi/10.3.1/../../../arm-none-eabi/lib/thumb/v6-m/nofp/libc.a(lib_a-mallocr.o)
                0x0000000020001194                __malloc_top_pad
                0x0000000020001198                __malloc_current_mallinfo
                0x00000000200011c0                __malloc_max_sbrked_mem
                0x00000000200011c4                __malloc_max_total_mem
 .bss           0x00000000200011c8        0x4 /usr/lib/gcc/arm-none-eabi/10.3.1/../../../arm-none-eabi/lib/thumb/v6-m/nofp/libc.a(lib_a-reent.o)
                0x00000000200011c8                errno
 .bss._app_driver
                0x00000000200011cc        0x4 CMakeFiles/Thermostat.dir/home/austin/pico/pico-sdk/lib/tinyusb/src/device/usbd.c.obj
 .bss._cdcd_itf
                0x00000000200011d0      0x2d8 CMakeFiles/Thermostat.dir/home/austin/pico/pico-sdk/lib/tinyusb/src/class/cdc/cdc_device.c.obj
 .bss._ctrl_xfer
                0x00000000200014a8       0x14 CMakeFiles/Thermostat.dir/home/austin/pico/pico-sdk/lib/tinyusb/src/device/usbd_control.c.obj
 .bss._ubsd_mutexdef
                0x00000000200014bc        0x8 CMakeFiles/Thermostat.dir/home/austin/pico/pico-sdk/lib/tinyusb/src/device/usbd.c.obj
 .bss._usbd_ctrl_buf
                0x00000000200014c4       0x40 CMakeFiles/Thermostat.dir/home/austin/pico/pico-sdk/lib/tinyusb/src/device/usbd_control.c.obj
 .bss._usbd_dev
                0x0000000020001504       0x53 CMakeFiles/Thermostat.dir/home/austin/pico/pico-sdk/lib/tinyusb/src/device/usbd.c.obj
 *fill*         0x0000000020001557        0x1 
 .bss._usbd_mutex
                0x0000000020001558        0x4 CMakeFiles/Thermostat.dir/home/austin/pico/pico-sdk/lib/tinyusb/src/device/usbd.c.obj
 .bss._usbd_q   0x000000002000155c        0x4 CMakeFiles/Thermostat.dir/home/austin/pico/pico-sdk/lib/tinyusb/src/device/usbd.c.obj
 .bss._usbd_qdef_buf
                0x0000000020001560       0xc0 CMakeFiles/Thermostat.dir/home/austin/pico/pico-sdk/lib/tinyusb/src/device/usbd.c.obj
                0x0000000020001560                _usbd_qdef_buf
 .bss.alarm_callbacks
                0x0000000020001620       0x10 CMakeFiles/Thermostat.dir/home/austin/pico/pico-sdk/src/rp2_common/hardware_timer/timer.c.obj
 .bss.boot2_copyout
                0x0000000020001630      0x100 CMakeFiles/Thermostat.dir/home/austin/pico/pico-sdk/src/rp2_common/hardware_flash/flash.c.obj
 .bss.claimed   0x0000000020001730        0x4 CMakeFiles/Thermostat.dir/home/austin/pico/pico-sdk/src/rp2_common/hardware_sync/sync.c.obj
 .bss.configured_freq
                0x0000000020001734       0x28 CMakeFiles/Thermostat.dir/home/austin/pico/pico-sdk/src/rp2_common/hardware_clocks/clocks.c.obj
 .bss.default_alarm_pool_entry_ids_high
                0x000000002000175c       0x10 CMakeFiles/Thermostat.dir/home/austin/pico/pico-sdk/src/common/pico_time/time.c.obj
 .bss.default_alarm_pool_heap_nodes
                0x000000002000176c       0x30 CMakeFiles/Thermostat.dir/home/austin/pico/pico-sdk/src/common/pico_time/time.c.obj
 .bss.desc_str.0
                0x000000002000179c       0x28 CMakeFiles/Thermostat.dir/home/austin/pico/pico-sdk/src/rp2_common/pico_stdio_usb/stdio_usb_descriptors.c.obj
 .bss.displaycache
                0x00000000200017c4        0x5 CMakeFiles/Thermostat.dir/seven_seg.c.obj
 *fill*         0x00000000200017c9        0x3 
 .bss.drivers   0x00000000200017cc        0x4 CMakeFiles/Thermostat.dir/home/austin/pico/pico-sdk/src/rp2_common/pico_stdio/stdio.c.obj
 .bss.filter    0x00000000200017d0        0x4 CMakeFiles/Thermostat.dir/home/austin/pico/pico-sdk/src/rp2_common/pico_stdio/stdio.c.obj
 .bss.heap_end.0
                0x00000000200017d4        0x4 CMakeFiles/Thermostat.dir/home/austin/pico/pico-sdk/src/rp2_common/pico_runtime/runtime.c.obj
 .bss.humidity  0x00000000200017d8        0x4 CMakeFiles/Thermostat.dir/aht20.c.obj
 .bss.hw_endpoints
                0x00000000200017dc      0x400 CMakeFiles/Thermostat.dir/home/austin/pico/pico-sdk/lib/tinyusb/src/portable/raspberrypi/rp2040/dcd_rp2040.c.obj
 .bss.lazy_vsnprintf
                0x0000000020001bdc        0x4 CMakeFiles/Thermostat.dir/home/austin/pico/pico-sdk/src/rp2_common/pico_printf/printf.c.obj
 .bss.load_value
                0x0000000020001be0        0x4 CMakeFiles/Thermostat.dir/home/austin/pico/pico-sdk/src/rp2_common/hardware_watchdog/watchdog.c.obj
 .bss.next_buffer_ptr
                0x0000000020001be4        0x4 CMakeFiles/Thermostat.dir/home/austin/pico/pico-sdk/lib/tinyusb/src/portable/raspberrypi/rp2040/dcd_rp2040.c.obj
 .bss.pools     0x0000000020001be8       0x10 CMakeFiles/Thermostat.dir/home/austin/pico/pico-sdk/src/common/pico_time/time.c.obj
 .bss.relay_state.3
                0x0000000020001bf8        0x4 CMakeFiles/Thermostat.dir/main.c.obj
 .bss.retrieved_id
                0x0000000020001bfc        0x8 CMakeFiles/Thermostat.dir/home/austin/pico/pico-sdk/src/rp2_common/pico_unique_id/unique_id.c.obj
 .bss.screen_timeout_timer
                0x0000000020001c04        0x4 CMakeFiles/Thermostat.dir/main.c.obj
 .bss.sf_clz_func
                0x0000000020001c08        0x4 CMakeFiles/Thermostat.dir/home/austin/pico/pico-sdk/src/rp2_common/pico_double/double_init_rom.c.obj
                0x0000000020001c08                sf_clz_func
 .bss.sleep_notifier
                0x0000000020001c0c        0x4 CMakeFiles/Thermostat.dir/home/austin/pico/pico-sdk/src/common/pico_time/time.c.obj
 .bss.stdio_usb_mutex
                0x0000000020001c10        0x8 CMakeFiles/Thermostat.dir/home/austin/pico/pico-sdk/src/rp2_common/pico_stdio_usb/stdio_usb.c.obj
 .bss.target_hi
                0x0000000020001c18       0x10 CMakeFiles/Thermostat.dir/home/austin/pico/pico-sdk/src/rp2_common/hardware_timer/timer.c.obj
 .bss.temperature
                0x0000000020001c28        0x4 CMakeFiles/Thermostat.dir/aht20.c.obj
 .bss.temperature_setting
                0x0000000020001c2c        0x4 CMakeFiles/Thermostat.dir/main.c.obj
 .bss.usbd_serial_str
                0x0000000020001c30       0x11 CMakeFiles/Thermostat.dir/home/austin/pico/pico-sdk/src/rp2_common/pico_stdio_usb/stdio_usb_descriptors.c.obj
 *fill*         0x0000000020001c41        0x3 
 .bss.user_irq_claimed
                0x0000000020001c44        0x2 CMakeFiles/Thermostat.dir/home/austin/pico/pico-sdk/src/rp2_common/hardware_irq/irq.c.obj
 .bss._app_driver_count
                0x0000000020001c46        0x1 CMakeFiles/Thermostat.dir/home/austin/pico/pico-sdk/lib/tinyusb/src/device/usbd.c.obj
 .bss._usbd_initialized